\BOOKMARK [0][-]{section*.2}{\376\377\000D\000\351\000d\000i\000c\000a\000c\000e\000s}{}% 1
\BOOKMARK [0][-]{section*.4}{\376\377\000R\000e\000m\000e\000r\000c\000i\000e\000m\000e\000n\000t\000s}{}% 2
\BOOKMARK [0][-]{section*.5}{\376\377\000T\000a\000b\000l\000e\000\040\000d\000e\000s\000\040\000m\000a\000t\000i\000\350\000r\000e\000s}{}% 3
\BOOKMARK [0][-]{section*.7}{\376\377\000T\000a\000b\000l\000e\000\040\000d\000e\000s\000\040\000f\000i\000g\000u\000r\000e\000s}{}% 4
\BOOKMARK [0][-]{section*.9}{\376\377\000L\000i\000s\000t\000e\000\040\000d\000e\000s\000\040\000t\000a\000b\000l\000e\000a\000u\000x}{}% 5
\BOOKMARK [0][-]{chapter*.11}{\376\377\000L\000i\000s\000t\000e\000\040\000d\000e\000s\000\040\000a\000b\000r\000\351\000v\000i\000a\000t\000i\000o\000n\000s}{}% 6
\BOOKMARK [0][-]{chapter*.12}{\376\377\000I\000n\000t\000r\000o\000d\000u\000c\000t\000i\000o\000n\000\040\000g\000\351\000n\000\351\000r\000a\000l\000e}{}% 7
\BOOKMARK [0][-]{chapter.1}{\376\377\000C\000o\000n\000t\000e\000x\000t\000e\000,\000\040\000p\000r\000o\000b\000l\000\351\000m\000a\000t\000i\000q\000u\000e\000\040\000e\000t\000\040\000p\000o\000s\000i\000t\000i\000o\000n\000n\000e\000m\000e\000n\000t\000\040\000d\000u\000\040\000p\000r\000o\000j\000e\000t}{}% 8
\BOOKMARK [1][-]{section*.13}{\376\377\000I\000n\000t\000r\000o\000d\000u\000c\000t\000i\000o\000n}{chapter.1}% 9
\BOOKMARK [1][-]{section.1.1}{\376\377\000P\000r\000\351\000s\000e\000n\000t\000a\000t\000i\000o\000n\000\040\000d\000e\000\040\000l\000'\000o\000r\000g\000a\000n\000i\000s\000m\000e\000\040\000d\000'\000a\000c\000c\000u\000e\000i\000l}{chapter.1}% 10
\BOOKMARK [2][-]{subsection.1.1.1}{\376\377\000P\000r\000\351\000s\000e\000n\000t\000a\000t\000i\000o\000n\000\040\000d\000e\000\040\000T\000o\000u\000l\000o\000u\000s\000e\000\040\000I\000N\000P\000-\000E\000N\000S\000E\000E\000I\000H\000T}{section.1.1}% 11
\BOOKMARK [2][-]{subsection.1.1.2}{\376\377\000L\000e\000\040\000s\000e\000r\000v\000i\000c\000e\000\040\000d\000e\000s\000\040\000r\000e\000l\000a\000t\000i\000o\000n\000s\000\040\000i\000n\000t\000e\000r\000n\000a\000t\000i\000o\000n\000a\000l\000e\000s}{section.1.1}% 12
\BOOKMARK [1][-]{section.1.2}{\376\377\000A\000n\000a\000l\000y\000s\000e\000\040\000d\000u\000\040\000s\000y\000s\000t\000\350\000m\000e\000\040\000d\000'\000i\000n\000f\000o\000r\000m\000a\000t\000i\000o\000n\000\040\000i\000n\000t\000e\000r\000n\000e}{chapter.1}% 13
\BOOKMARK [2][-]{subsection.1.2.1}{\376\377\000L\000e\000s\000\040\000o\000u\000t\000i\000l\000s\000\040\000e\000n\000\040\000p\000l\000a\000c\000e}{section.1.2}% 14
\BOOKMARK [3][-]{subsubsection.1.2.1.1}{\376\377\000Q\000S\000\040\000M\000o\000v\000e\000O\000N}{subsection.1.2.1}% 15
\BOOKMARK [3][-]{subsubsection.1.2.1.2}{\376\377\000P\000\351\000g\000a\000s\000e}{subsection.1.2.1}% 16
\BOOKMARK [3][-]{subsubsection.1.2.1.3}{\376\377\000E\000u\000d\000o\000n\000e\000t}{subsection.1.2.1}% 17
\BOOKMARK [3][-]{subsubsection.1.2.1.4}{\376\377\000L\000e\000s\000\040\000f\000i\000c\000h\000i\000e\000r\000s\000\040\000E\000x\000c\000e\000l}{subsection.1.2.1}% 18
\BOOKMARK [2][-]{subsection.1.2.2}{\376\377\000L\000i\000m\000i\000t\000e\000s\000\040\000s\000t\000r\000u\000c\000t\000u\000r\000e\000l\000l\000e\000s}{section.1.2}% 19
\BOOKMARK [1][-]{section.1.3}{\376\377\000P\000r\000o\000b\000l\000\351\000m\000a\000t\000i\000q\000u\000e}{chapter.1}% 20
\BOOKMARK [1][-]{section.1.4}{\376\377\000P\000o\000s\000i\000t\000i\000o\000n\000n\000e\000m\000e\000n\000t\000\040\000p\000a\000r\000\040\000r\000a\000p\000p\000o\000r\000t\000\040\000a\000u\000x\000\040\000s\000o\000l\000u\000t\000i\000o\000n\000s\000\040\000e\000x\000i\000s\000t\000a\000n\000t\000e\000s}{chapter.1}% 21
\BOOKMARK [2][-]{subsection.1.4.1}{\376\377\000G\000r\000i\000l\000l\000e\000\040\000d\000'\000\351\000v\000a\000l\000u\000a\000t\000i\000o\000n}{section.1.4}% 22
\BOOKMARK [2][-]{subsection.1.4.2}{\376\377\000A\000n\000a\000l\000y\000s\000e\000\040\000d\000e\000s\000\040\000s\000o\000l\000u\000t\000i\000o\000n\000s\000\040\000e\000x\000i\000s\000t\000a\000n\000t\000e\000s}{section.1.4}% 23
\BOOKMARK [3][-]{subsubsection.1.4.2.1}{\376\377\000Q\000S\000\040\000M\000o\000v\000e\000O\000N}{subsection.1.4.2}% 24
\BOOKMARK [3][-]{subsubsection.1.4.2.2}{\376\377\000M\000o\000b\000i\000l\000i\000t\000y\000-\000O\000n\000l\000i\000n\000e}{subsection.1.4.2}% 25
\BOOKMARK [3][-]{subsubsection.1.4.2.3}{\376\377\000E\000r\000a\000s\000m\000u\000s\000J\000E\000T}{subsection.1.4.2}% 26
\BOOKMARK [3][-]{subsubsection.1.4.2.4}{\376\377\000T\000r\000a\000v\000a\000u\000x\000\040\000a\000c\000a\000d\000\351\000m\000i\000q\000u\000e\000s\000\040\000:\000\040\000E\000l\000a\000h\000i\000\040\000e\000t\000\040\000a\000l\000.\000\040\000\050\0002\0000\0002\0002\000\051}{subsection.1.4.2}% 27
\BOOKMARK [2][-]{subsection.1.4.3}{\376\377\000T\000a\000b\000l\000e\000a\000u\000\040\000c\000o\000m\000p\000a\000r\000a\000t\000i\000f\000\040\000d\000e\000\040\000s\000y\000n\000t\000h\000\350\000s\000e}{section.1.4}% 28
\BOOKMARK [1][-]{section.1.5}{\376\377\000S\000o\000l\000u\000t\000i\000o\000n\000\040\000e\000n\000v\000i\000s\000a\000g\000\351\000e}{chapter.1}% 29
\BOOKMARK [1][-]{section.1.6}{\376\377\000O\000r\000g\000a\000n\000i\000s\000a\000t\000i\000o\000n\000\040\000e\000t\000\040\000c\000a\000d\000r\000a\000g\000e\000\040\000d\000u\000\040\000p\000r\000o\000j\000e\000t}{chapter.1}% 30
\BOOKMARK [2][-]{subsection.1.6.1}{\376\377\000C\000o\000n\000t\000r\000a\000i\000n\000t\000e\000s\000\040\000d\000u\000\040\000p\000r\000o\000j\000e\000t}{section.1.6}% 31
\BOOKMARK [2][-]{subsection.1.6.2}{\376\377\000M\000\351\000t\000h\000o\000d\000o\000l\000o\000g\000i\000e\000\040\000d\000e\000\040\000g\000e\000s\000t\000i\000o\000n\000\040\000d\000e\000\040\000p\000r\000o\000j\000e\000t}{section.1.6}% 32
\BOOKMARK [3][-]{subsubsection.1.6.2.1}{\376\377\000M\000\351\000t\000h\000o\000d\000e\000\040\000e\000n\000\040\000c\000a\000s\000c\000a\000d\000e}{subsection.1.6.2}% 33
\BOOKMARK [3][-]{subsubsection.1.6.2.2}{\376\377\000K\000a\000n\000b\000a\000n}{subsection.1.6.2}% 34
\BOOKMARK [3][-]{subsubsection.1.6.2.3}{\376\377\000S\000c\000r\000u\000m}{subsection.1.6.2}% 35
\BOOKMARK [3][-]{subsubsection.1.6.2.4}{\376\377\000C\000o\000m\000p\000a\000r\000a\000i\000s\000o\000n\000\040\000e\000t\000\040\000c\000h\000o\000i\000x\000\040\000r\000e\000t\000e\000n\000u}{subsection.1.6.2}% 36
\BOOKMARK [2][-]{subsection.1.6.3}{\376\377\000P\000l\000a\000n\000i\000f\000i\000c\000a\000t\000i\000o\000n\000\040\000g\000\351\000n\000\351\000r\000a\000l\000e}{section.1.6}% 37
\BOOKMARK [2][-]{subsection.1.6.4}{\376\377\000O\000u\000t\000i\000l\000s\000\040\000e\000t\000\040\000e\000n\000v\000i\000r\000o\000n\000n\000e\000m\000e\000n\000t\000\040\000d\000e\000\040\000t\000r\000a\000v\000a\000i\000l}{section.1.6}% 38
\BOOKMARK [1][-]{section*.27}{\376\377\000C\000o\000n\000c\000l\000u\000s\000i\000o\000n}{chapter.1}% 39
\BOOKMARK [0][-]{chapter.2}{\376\377\000B\000e\000s\000o\000i\000n\000s\000\040\000f\000o\000n\000c\000t\000i\000o\000n\000n\000e\000l\000s\000\040\000e\000t\000\040\000c\000h\000o\000i\000x\000\040\000t\000e\000c\000h\000n\000o\000l\000o\000g\000i\000q\000u\000e\000s}{}% 40
\BOOKMARK [1][-]{section*.28}{\376\377\000I\000n\000t\000r\000o\000d\000u\000c\000t\000i\000o\000n}{chapter.2}% 41
\BOOKMARK [1][-]{section.2.1}{\376\377\000B\000e\000s\000o\000i\000n\000s\000\040\000d\000u\000\040\000s\000y\000s\000t\000\350\000m\000e}{chapter.2}% 42
\BOOKMARK [2][-]{subsection.2.1.1}{\376\377\000B\000e\000s\000o\000i\000n\000s\000\040\000f\000o\000n\000c\000t\000i\000o\000n\000n\000e\000l\000s}{section.2.1}% 43
\BOOKMARK [3][-]{subsubsection.2.1.1.1}{\376\377\000F\000o\000n\000c\000t\000i\000o\000n\000n\000a\000l\000i\000t\000\351\000s\000\040\000o\000p\000\351\000r\000a\000t\000i\000o\000n\000n\000e\000l\000l\000e\000s}{subsection.2.1.1}% 44
\BOOKMARK [3][-]{subsubsection.2.1.1.2}{\376\377\000F\000o\000n\000c\000t\000i\000o\000n\000n\000a\000l\000i\000t\000\351\000s\000\040\000i\000n\000t\000e\000l\000l\000i\000g\000e\000n\000t\000e\000s}{subsection.2.1.1}% 45
\BOOKMARK [2][-]{subsection.2.1.2}{\376\377\000B\000e\000s\000o\000i\000n\000s\000\040\000n\000o\000n\000\040\000f\000o\000n\000c\000t\000i\000o\000n\000n\000e\000l\000s}{section.2.1}% 46
\BOOKMARK [2][-]{subsection.2.1.3}{\376\377\000P\000r\000o\000f\000i\000l\000s\000\040\000u\000t\000i\000l\000i\000s\000a\000t\000e\000u\000r\000s\000\040\000e\000t\000\040\000p\000\351\000r\000i\000m\000\350\000t\000r\000e\000\040\000d\000e\000\040\000r\000\351\000a\000l\000i\000s\000a\000t\000i\000o\000n}{section.2.1}% 47
\BOOKMARK [3][-]{subsubsection.2.1.3.1}{\376\377\000P\000r\000o\000f\000i\000l\000s\000\040\000u\000t\000i\000l\000i\000s\000a\000t\000e\000u\000r\000s}{subsection.2.1.3}% 48
\BOOKMARK [3][-]{subsubsection.2.1.3.2}{\376\377\000P\000\351\000r\000i\000m\000\350\000t\000r\000e\000\040\000d\000e\000\040\000r\000\351\000a\000l\000i\000s\000a\000t\000i\000o\000n}{subsection.2.1.3}% 49
\BOOKMARK [2][-]{subsection.2.1.4}{\376\377\000D\000i\000a\000g\000r\000a\000m\000m\000e\000\040\000d\000e\000\040\000c\000a\000s\000\040\000d\000'\000u\000t\000i\000l\000i\000s\000a\000t\000i\000o\000n}{section.2.1}% 50
\BOOKMARK [1][-]{section.2.2}{\376\377\000C\000h\000o\000i\000x\000\040\000d\000u\000\040\000f\000r\000o\000n\000t\000e\000n\000d}{chapter.2}% 51
\BOOKMARK [2][-]{subsection.2.2.1}{\376\377\000B\000e\000s\000o\000i\000n\000s\000\040\000s\000p\000\351\000c\000i\000f\000i\000q\000u\000e\000s}{section.2.2}% 52
\BOOKMARK [2][-]{subsection.2.2.2}{\376\377\000A\000l\000t\000e\000r\000n\000a\000t\000i\000v\000e\000s\000\040\000\351\000v\000a\000l\000u\000\351\000e\000s}{section.2.2}% 53
\BOOKMARK [3][-]{subsubsection.2.2.2.1}{\376\377\000A\000p\000p\000l\000i\000c\000a\000t\000i\000o\000n\000s\000\040\000m\000o\000n\000o\000p\000a\000g\000e\000\040\000:\000\040\000R\000e\000a\000c\000t\000\040\000+\000\040\000V\000i\000t\000e}{subsection.2.2.2}% 54
\BOOKMARK [3][-]{subsubsection.2.2.2.2}{\376\377\000A\000n\000g\000u\000l\000a\000r}{subsection.2.2.2}% 55
\BOOKMARK [3][-]{subsubsection.2.2.2.3}{\376\377\000N\000e\000x\000t\000.\000j\000s\000\040\0001\0006}{subsection.2.2.2}% 56
\BOOKMARK [2][-]{subsection.2.2.3}{\376\377\000S\000y\000n\000t\000h\000\350\000s\000e\000\040\000c\000o\000m\000p\000a\000r\000a\000t\000i\000v\000e}{section.2.2}% 57
\BOOKMARK [2][-]{subsection.2.2.4}{\376\377\000D\000\351\000c\000i\000s\000i\000o\000n}{section.2.2}% 58
\BOOKMARK [1][-]{section.2.3}{\376\377\000C\000h\000o\000i\000x\000\040\000d\000u\000\040\000b\000a\000c\000k\000e\000n\000d}{chapter.2}% 59
\BOOKMARK [2][-]{subsection.2.3.1}{\376\377\000B\000e\000s\000o\000i\000n\000s\000\040\000s\000p\000\351\000c\000i\000f\000i\000q\000u\000e\000s}{section.2.3}% 60
\BOOKMARK [2][-]{subsection.2.3.2}{\376\377\000C\000h\000o\000i\000x\000\040\000d\000u\000\040\000f\000r\000a\000m\000e\000w\000o\000r\000k\000\040\000b\000a\000c\000k\000e\000n\000d}{section.2.3}% 61
\BOOKMARK [3][-]{subsubsection.2.3.2.1}{\376\377\000A\000l\000t\000e\000r\000n\000a\000t\000i\000v\000e\000s\000\040\000\351\000v\000a\000l\000u\000\351\000e\000s}{subsection.2.3.2}% 62
\BOOKMARK [3][-]{subsubsection.2.3.2.2}{\376\377\000S\000y\000n\000t\000h\000\350\000s\000e\000\040\000c\000o\000m\000p\000a\000r\000a\000t\000i\000v\000e}{subsection.2.3.2}% 63
\BOOKMARK [3][-]{subsubsection.2.3.2.3}{\376\377\000D\000\351\000c\000i\000s\000i\000o\000n}{subsection.2.3.2}% 64
\BOOKMARK [2][-]{subsection.2.3.3}{\376\377\000C\000h\000o\000i\000x\000\040\000d\000e\000\040\000l\000a\000\040\000c\000o\000u\000c\000h\000e\000\040\000A\000P\000I}{section.2.3}% 65
\BOOKMARK [3][-]{subsubsection.2.3.3.1}{\376\377\000B\000e\000s\000o\000i\000n\000s\000\040\000s\000p\000\351\000c\000i\000f\000i\000q\000u\000e\000s}{subsection.2.3.3}% 66
\BOOKMARK [3][-]{subsubsection.2.3.3.2}{\376\377\000A\000l\000t\000e\000r\000n\000a\000t\000i\000v\000e\000s\000\040\000\351\000v\000a\000l\000u\000\351\000e\000s}{subsection.2.3.3}% 67
\BOOKMARK [3][-]{subsubsection.2.3.3.3}{\376\377\000S\000y\000n\000t\000h\000\350\000s\000e\000\040\000c\000o\000m\000p\000a\000r\000a\000t\000i\000v\000e}{subsection.2.3.3}% 68
\BOOKMARK [3][-]{subsubsection.2.3.3.4}{\376\377\000D\000\351\000c\000i\000s\000i\000o\000n}{subsection.2.3.3}% 69
\BOOKMARK [1][-]{section.2.4}{\376\377\000C\000h\000o\000i\000x\000\040\000d\000e\000\040\000l\000a\000\040\000b\000a\000s\000e\000\040\000d\000e\000\040\000d\000o\000n\000n\000\351\000e\000s}{chapter.2}% 70
\BOOKMARK [2][-]{subsection.2.4.1}{\376\377\000B\000e\000s\000o\000i\000n\000s\000\040\000s\000p\000\351\000c\000i\000f\000i\000q\000u\000e\000s}{section.2.4}% 71
\BOOKMARK [2][-]{subsection.2.4.2}{\376\377\000A\000l\000t\000e\000r\000n\000a\000t\000i\000v\000e\000s\000\040\000\351\000v\000a\000l\000u\000\351\000e\000s}{section.2.4}% 72
\BOOKMARK [3][-]{subsubsection.2.4.2.1}{\376\377\000M\000y\000S\000Q\000L}{subsection.2.4.2}% 73
\BOOKMARK [3][-]{subsubsection.2.4.2.2}{\376\377\000M\000o\000n\000g\000o\000D\000B}{subsection.2.4.2}% 74
\BOOKMARK [3][-]{subsubsection.2.4.2.3}{\376\377\000P\000o\000s\000t\000g\000r\000e\000S\000Q\000L\000\040\0001\0006}{subsection.2.4.2}% 75
\BOOKMARK [2][-]{subsection.2.4.3}{\376\377\000S\000y\000n\000t\000h\000\350\000s\000e\000\040\000c\000o\000m\000p\000a\000r\000a\000t\000i\000v\000e}{section.2.4}% 76
\BOOKMARK [2][-]{subsection.2.4.4}{\376\377\000D\000\351\000c\000i\000s\000i\000o\000n}{section.2.4}% 77
\BOOKMARK [1][-]{section.2.5}{\376\377\000C\000h\000o\000i\000x\000\040\000d\000u\000\040\000f\000o\000r\000m\000a\000t\000\040\000d\000e\000\040\000s\000t\000o\000c\000k\000a\000g\000e\000\040\000d\000e\000s\000\040\000i\000m\000p\000o\000r\000t\000s\000\040\000b\000r\000u\000t\000s}{chapter.2}% 78
\BOOKMARK [2][-]{subsection.2.5.1}{\376\377\000B\000e\000s\000o\000i\000n\000s\000\040\000s\000p\000\351\000c\000i\000f\000i\000q\000u\000e\000s}{section.2.5}% 79
\BOOKMARK [2][-]{subsection.2.5.2}{\376\377\000A\000l\000t\000e\000r\000n\000a\000t\000i\000v\000e\000s\000\040\000\351\000v\000a\000l\000u\000\351\000e\000s}{section.2.5}% 80
\BOOKMARK [2][-]{subsection.2.5.3}{\376\377\000S\000y\000n\000t\000h\000\350\000s\000e\000\040\000c\000o\000m\000p\000a\000r\000a\000t\000i\000v\000e}{section.2.5}% 81
\BOOKMARK [2][-]{subsection.2.5.4}{\376\377\000D\000\351\000c\000i\000s\000i\000o\000n}{section.2.5}% 82
\BOOKMARK [1][-]{section.2.6}{\376\377\000C\000h\000o\000i\000x\000\040\000d\000u\000\040\000g\000e\000s\000t\000i\000o\000n\000n\000a\000i\000r\000e\000\040\000d\000e\000\040\000t\000\342\000c\000h\000e\000s\000\040\000a\000s\000y\000n\000c\000h\000r\000o\000n\000e\000s}{chapter.2}% 83
\BOOKMARK [2][-]{subsection.2.6.1}{\376\377\000B\000e\000s\000o\000i\000n\000s\000\040\000s\000p\000\351\000c\000i\000f\000i\000q\000u\000e\000s}{section.2.6}% 84
\BOOKMARK [2][-]{subsection.2.6.2}{\376\377\000A\000l\000t\000e\000r\000n\000a\000t\000i\000v\000e\000s\000\040\000\351\000v\000a\000l\000u\000\351\000e\000s}{section.2.6}% 85
\BOOKMARK [3][-]{subsubsection.2.6.2.1}{\376\377\000C\000e\000l\000e\000r\000y\000\040\000+\000\040\000R\000e\000d\000i\000s}{subsection.2.6.2}% 86
\BOOKMARK [3][-]{subsubsection.2.6.2.2}{\376\377\000D\000j\000a\000n\000g\000o\000-\000Q\0002\000\040\000+\000\040\000P\000o\000s\000t\000g\000r\000e\000S\000Q\000L}{subsection.2.6.2}% 87
\BOOKMARK [2][-]{subsection.2.6.3}{\376\377\000S\000y\000n\000t\000h\000\350\000s\000e\000\040\000c\000o\000m\000p\000a\000r\000a\000t\000i\000v\000e}{section.2.6}% 88
\BOOKMARK [2][-]{subsection.2.6.4}{\376\377\000D\000\351\000c\000i\000s\000i\000o\000n}{section.2.6}% 89
\BOOKMARK [1][-]{section.2.7}{\376\377\000C\000h\000o\000i\000x\000\040\000d\000u\000\040\000s\000t\000o\000c\000k\000a\000g\000e\000\040\000d\000e\000\040\000f\000i\000c\000h\000i\000e\000r\000s}{chapter.2}% 90
\BOOKMARK [2][-]{subsection.2.7.1}{\376\377\000B\000e\000s\000o\000i\000n\000s\000\040\000s\000p\000\351\000c\000i\000f\000i\000q\000u\000e\000s}{section.2.7}% 91
\BOOKMARK [2][-]{subsection.2.7.2}{\376\377\000A\000l\000t\000e\000r\000n\000a\000t\000i\000v\000e\000s\000\040\000\351\000v\000a\000l\000u\000\351\000e\000s}{section.2.7}% 92
\BOOKMARK [3][-]{subsubsection.2.7.2.1}{\376\377\000S\000y\000s\000t\000\350\000m\000e\000\040\000d\000e\000\040\000f\000i\000c\000h\000i\000e\000r\000s\000\040\000l\000o\000c\000a\000l}{subsection.2.7.2}% 93
\BOOKMARK [3][-]{subsubsection.2.7.2.2}{\376\377\000M\000i\000n\000I\000O\000\040\000\050\000s\000t\000o\000c\000k\000a\000g\000e\000\040\000o\000b\000j\000e\000t\000\040\000S\0003\000-\000c\000o\000m\000p\000a\000t\000i\000b\000l\000e\000\051}{subsection.2.7.2}% 94
\BOOKMARK [2][-]{subsection.2.7.3}{\376\377\000S\000y\000n\000t\000h\000\350\000s\000e\000\040\000c\000o\000m\000p\000a\000r\000a\000t\000i\000v\000e}{section.2.7}% 95
\BOOKMARK [2][-]{subsection.2.7.4}{\376\377\000D\000\351\000c\000i\000s\000i\000o\000n}{section.2.7}% 96
\BOOKMARK [1][-]{section.2.8}{\376\377\000C\000o\000u\000c\000h\000e\000\040\000d\000e\000\040\000r\000o\000u\000t\000a\000g\000e\000\040\000d\000e\000s\000\040\000r\000e\000q\000u\000\352\000t\000e\000s}{chapter.2}% 97
\BOOKMARK [2][-]{subsection.2.8.1}{\376\377\000B\000e\000s\000o\000i\000n\000s\000\040\000s\000p\000\351\000c\000i\000f\000i\000q\000u\000e\000s}{section.2.8}% 98
\BOOKMARK [2][-]{subsection.2.8.2}{\376\377\000A\000l\000t\000e\000r\000n\000a\000t\000i\000v\000e\000s\000\040\000\351\000v\000a\000l\000u\000\351\000e\000s}{section.2.8}% 99
\BOOKMARK [3][-]{subsubsection.2.8.2.1}{\376\377\000R\000e\000v\000e\000r\000s\000e\000\040\000p\000r\000o\000x\000y}{subsection.2.8.2}% 100
\BOOKMARK [3][-]{subsubsection.2.8.2.2}{\376\377\000A\000P\000I\000\040\000G\000a\000t\000e\000w\000a\000y}{subsection.2.8.2}% 101
\BOOKMARK [2][-]{subsection.2.8.3}{\376\377\000S\000y\000n\000t\000h\000\350\000s\000e\000\040\000c\000o\000m\000p\000a\000r\000a\000t\000i\000v\000e}{section.2.8}% 102
\BOOKMARK [2][-]{subsection.2.8.4}{\376\377\000D\000\351\000c\000i\000s\000i\000o\000n}{section.2.8}% 103
\BOOKMARK [2][-]{subsection.2.8.5}{\376\377\000C\000h\000o\000i\000x\000\040\000d\000e\000\040\000l\000'\000i\000m\000p\000l\000\351\000m\000e\000n\000t\000a\000t\000i\000o\000n\000\040\000:\000\040\000N\000g\000i\000n\000x\000\040\000v\000s\000\040\000T\000r\000a\000e\000f\000i\000k}{section.2.8}% 104
\BOOKMARK [3][-]{subsubsection.2.8.5.1}{\376\377\000B\000e\000s\000o\000i\000n\000s\000\040\000s\000p\000\351\000c\000i\000f\000i\000q\000u\000e\000s}{subsection.2.8.5}% 105
\BOOKMARK [3][-]{subsubsection.2.8.5.2}{\376\377\000A\000l\000t\000e\000r\000n\000a\000t\000i\000v\000e\000s\000\040\000\351\000v\000a\000l\000u\000\351\000e\000s}{subsection.2.8.5}% 106
\BOOKMARK [3][-]{subsubsection.2.8.5.3}{\376\377\000S\000y\000n\000t\000h\000\350\000s\000e\000\040\000c\000o\000m\000p\000a\000r\000a\000t\000i\000v\000e}{subsection.2.8.5}% 107
\BOOKMARK [3][-]{subsubsection.2.8.5.4}{\376\377\000D\000\351\000c\000i\000s\000i\000o\000n}{subsection.2.8.5}% 108
\BOOKMARK [1][-]{section.2.9}{\376\377\000S\000t\000r\000a\000t\000\351\000g\000i\000e\000\040\000d\000e\000\040\000p\000e\000r\000f\000o\000r\000m\000a\000n\000c\000e\000\040\000b\000a\000s\000e\000\040\000d\000e\000\040\000d\000o\000n\000n\000\351\000e\000s}{chapter.2}% 109
\BOOKMARK [2][-]{subsection.2.9.1}{\376\377\000C\000o\000n\000t\000e\000x\000t\000e\000\040\000e\000t\000\040\000e\000n\000j\000e\000u\000x}{section.2.9}% 110
\BOOKMARK [2][-]{subsection.2.9.2}{\376\377\000A\000l\000t\000e\000r\000n\000a\000t\000i\000v\000e\000s\000\040\000\351\000v\000a\000l\000u\000\351\000e\000s}{section.2.9}% 111
\BOOKMARK [2][-]{subsection.2.9.3}{\376\377\000S\000y\000n\000t\000h\000\350\000s\000e\000\040\000c\000o\000m\000p\000a\000r\000a\000t\000i\000v\000e}{section.2.9}% 112
\BOOKMARK [2][-]{subsection.2.9.4}{\376\377\000D\000\351\000c\000i\000s\000i\000o\000n}{section.2.9}% 113
\BOOKMARK [1][-]{section.2.10}{\376\377\000S\000y\000n\000t\000h\000\350\000s\000e\000\040\000d\000e\000s\000\040\000c\000h\000o\000i\000x\000\040\000t\000e\000c\000h\000n\000o\000l\000o\000g\000i\000q\000u\000e\000s}{chapter.2}% 114
\BOOKMARK [1][-]{section*.47}{\376\377\000C\000o\000n\000c\000l\000u\000s\000i\000o\000n}{chapter.2}% 115
\BOOKMARK [0][-]{chapter.3}{\376\377\000C\000o\000n\000c\000e\000p\000t\000i\000o\000n\000\040\000d\000u\000\040\000s\000y\000s\000t\000\350\000m\000e}{}% 116
\BOOKMARK [1][-]{section*.48}{\376\377\000I\000n\000t\000r\000o\000d\000u\000c\000t\000i\000o\000n}{chapter.3}% 117
\BOOKMARK [1][-]{section.3.1}{\376\377\000P\000r\000o\000d\000u\000c\000t\000\040\000B\000a\000c\000k\000l\000o\000g}{chapter.3}% 118
\BOOKMARK [2][-]{subsection.3.1.1}{\376\377\000P\000r\000i\000o\000r\000i\000t\000\351\000s\000\040\000M\000o\000S\000C\000o\000W}{section.3.1}% 119
\BOOKMARK [2][-]{subsection.3.1.2}{\376\377\000S\000t\000o\000r\000y\000\040\000p\000o\000i\000n\000t\000s}{section.3.1}% 120
\BOOKMARK [2][-]{subsection.3.1.3}{\376\377\000T\000a\000b\000l\000e\000a\000u\000\040\000d\000u\000\040\000P\000r\000o\000d\000u\000c\000t\000\040\000B\000a\000c\000k\000l\000o\000g}{section.3.1}% 121
\BOOKMARK [1][-]{section.3.2}{\376\377\000P\000l\000a\000n\000i\000f\000i\000c\000a\000t\000i\000o\000n\000\040\000d\000e\000s\000\040\000s\000p\000r\000i\000n\000t\000s}{chapter.3}% 122
\BOOKMARK [2][-]{subsection.3.2.1}{\376\377\000D\000i\000a\000g\000r\000a\000m\000m\000e\000\040\000d\000e\000\040\000G\000a\000n\000t\000t}{section.3.2}% 123
\BOOKMARK [1][-]{section.3.3}{\376\377\000A\000p\000p\000r\000o\000c\000h\000e\000s\000\040\000d\000e\000\040\000c\000o\000n\000c\000e\000p\000t\000i\000o\000n\000\040\000:\000\040\000o\000r\000g\000a\000n\000i\000s\000a\000t\000i\000o\000n\000\040\000d\000u\000\040\000c\000o\000d\000e\000\040\000e\000t\000\040\000s\000t\000y\000l\000e\000\040\000a\000r\000c\000h\000i\000t\000e\000c\000t\000u\000r\000a\000l}{chapter.3}% 124
\BOOKMARK [2][-]{subsection.3.3.1}{\376\377\000O\000r\000g\000a\000n\000i\000s\000a\000t\000i\000o\000n\000\040\000d\000u\000\040\000c\000o\000d\000e\000\040\000:\000\040\000a\000p\000p\000r\000o\000c\000h\000e\000\040\000m\000o\000d\000u\000l\000a\000i\000r\000e\000\040\000p\000a\000r\000\040\000d\000o\000m\000a\000i\000n\000e\000\040\000m\000\351\000t\000i\000e\000r}{section.3.3}% 125
\BOOKMARK [2][-]{subsection.3.3.2}{\376\377\000S\000t\000y\000l\000e\000\040\000a\000r\000c\000h\000i\000t\000e\000c\000t\000u\000r\000a\000l\000\040\000:\000\040\000a\000r\000c\000h\000i\000t\000e\000c\000t\000u\000r\000e\000\040\000e\000n\000\040\000c\000o\000u\000c\000h\000e\000s}{section.3.3}% 126
\BOOKMARK [1][-]{section.3.4}{\376\377\000A\000r\000c\000h\000i\000t\000e\000c\000t\000u\000r\000e\000\040\000l\000o\000g\000i\000c\000i\000e\000l\000l\000e}{chapter.3}% 127
\BOOKMARK [2][-]{subsection.3.4.1}{\376\377\000V\000u\000e\000\040\000d\000'\000e\000n\000s\000e\000m\000b\000l\000e}{section.3.4}% 128
\BOOKMARK [2][-]{subsection.3.4.2}{\376\377\000C\000o\000u\000c\000h\000e\000\040\000p\000r\000\351\000s\000e\000n\000t\000a\000t\000i\000o\000n\000\040\000:\000\040\000N\000e\000x\000t\000.\000j\000s\000\040\0001\0006}{section.3.4}% 129
\BOOKMARK [2][-]{subsection.3.4.3}{\376\377\000C\000o\000u\000c\000h\000e\000\040\000a\000p\000p\000l\000i\000c\000a\000t\000i\000v\000e\000\040\000:\000\040\000D\000j\000a\000n\000g\000o\000\040\0005\000\040\000+\000\040\000D\000j\000a\000n\000g\000o\000\040\000N\000i\000n\000j\000a}{section.3.4}% 130
\BOOKMARK [2][-]{subsection.3.4.4}{\376\377\000C\000o\000u\000c\000h\000e\000\040\000t\000r\000a\000i\000t\000e\000m\000e\000n\000t\000\040\000a\000s\000y\000n\000c\000h\000r\000o\000n\000e\000\040\000:\000\040\000D\000j\000a\000n\000g\000o\000-\000Q\0002}{section.3.4}% 131
\BOOKMARK [2][-]{subsection.3.4.5}{\376\377\000C\000o\000u\000c\000h\000e\000\040\000d\000o\000n\000n\000\351\000e\000s\000\040\000:\000\040\000P\000o\000s\000t\000g\000r\000e\000S\000Q\000L\000\040\0001\0006}{section.3.4}% 132
\BOOKMARK [2][-]{subsection.3.4.6}{\376\377\000C\000o\000u\000c\000h\000e\000\040\000i\000n\000t\000\351\000g\000r\000a\000t\000i\000o\000n\000\040\000:\000\040\000A\000d\000a\000p\000t\000a\000t\000e\000u\000r\000s\000\040\000E\000T\000L}{section.3.4}% 133
\BOOKMARK [3][-]{subsubsection.3.4.6.1}{\376\377\000S\000t\000r\000a\000t\000\351\000g\000i\000e\000\040\000d\000'\000u\000p\000s\000e\000r\000t}{subsection.3.4.6}% 134
\BOOKMARK [3][-]{subsubsection.3.4.6.2}{\376\377\000C\000l\000\351\000\040\000d\000e\000\040\000j\000o\000i\000n\000t\000u\000r\000e\000\040\000:\000\040\000l\000'\000I\000N\000E}{subsection.3.4.6}% 135
\BOOKMARK [3][-]{subsubsection.3.4.6.3}{\376\377\000S\000t\000r\000a\000t\000\351\000g\000i\000e\000\040\000d\000e\000\040\000s\000y\000n\000c\000h\000r\000o\000n\000i\000s\000a\000t\000i\000o\000n}{subsection.3.4.6}% 136
\BOOKMARK [1][-]{section.3.5}{\376\377\000S\000\351\000c\000u\000r\000i\000t\000\351\000\040\000e\000t\000\040\000c\000o\000n\000t\000r\000\364\000l\000e\000\040\000d\000'\000a\000c\000c\000\350\000s\000\040\000t\000r\000a\000n\000s\000v\000e\000r\000s\000a\000l}{chapter.3}% 137
\BOOKMARK [2][-]{subsection.3.5.1}{\376\377\000F\000l\000u\000x\000\040\000d\000'\000a\000u\000t\000h\000e\000n\000t\000i\000f\000i\000c\000a\000t\000i\000o\000n\000\040\000C\000A\000S}{section.3.5}% 138
\BOOKMARK [2][-]{subsection.3.5.2}{\376\377\000C\000o\000n\000t\000r\000\364\000l\000e\000\040\000d\000'\000a\000c\000c\000\350\000s\000\040\000\050\000R\000B\000A\000C\000\051}{section.3.5}% 139
\BOOKMARK [2][-]{subsection.3.5.3}{\376\377\000G\000e\000s\000t\000i\000o\000n\000\040\000d\000u\000\040\000r\000e\000n\000o\000u\000v\000e\000l\000l\000e\000m\000e\000n\000t\000\040\000d\000e\000s\000\040\000t\000o\000k\000e\000n\000s\000\040\000J\000W\000T}{section.3.5}% 140
\BOOKMARK [2][-]{subsection.3.5.4}{\376\377\000J\000o\000u\000r\000n\000a\000l\000\040\000d\000'\000a\000u\000d\000i\000t}{section.3.5}% 141
\BOOKMARK [2][-]{subsection.3.5.5}{\376\377\000P\000r\000o\000t\000e\000c\000t\000i\000o\000n\000\040\000d\000e\000s\000\040\000d\000o\000n\000n\000\351\000e\000s\000\040\000\050\000R\000G\000P\000D\000\051}{section.3.5}% 142
\BOOKMARK [1][-]{section.3.6}{\376\377\000A\000r\000c\000h\000i\000t\000e\000c\000t\000u\000r\000e\000\040\000p\000h\000y\000s\000i\000q\000u\000e\000\040\000e\000t\000\040\000d\000\351\000p\000l\000o\000i\000e\000m\000e\000n\000t}{chapter.3}% 143
\BOOKMARK [2][-]{subsection.3.6.1}{\376\377\000V\000u\000e\000\040\000d\000'\000e\000n\000s\000e\000m\000b\000l\000e}{section.3.6}% 144
\BOOKMARK [2][-]{subsection.3.6.2}{\376\377\000C\000o\000n\000t\000a\000i\000n\000e\000r\000s\000\040\000D\000o\000c\000k\000e\000r}{section.3.6}% 145
\BOOKMARK [2][-]{subsection.3.6.3}{\376\377\000F\000l\000u\000x\000\040\000r\000\351\000s\000e\000a\000u}{section.3.6}% 146
\BOOKMARK [2][-]{subsection.3.6.4}{\376\377\000E\000n\000v\000i\000r\000o\000n\000n\000e\000m\000e\000n\000t\000s}{section.3.6}% 147
\BOOKMARK [2][-]{subsection.3.6.5}{\376\377\000C\000I\000/\000C\000D}{section.3.6}% 148
\BOOKMARK [2][-]{subsection.3.6.6}{\376\377\000S\000t\000r\000a\000t\000\351\000g\000i\000e\000\040\000d\000e\000\040\000m\000i\000g\000r\000a\000t\000i\000o\000n\000\040\000d\000e\000\040\000s\000c\000h\000\351\000m\000a}{section.3.6}% 149
\BOOKMARK [2][-]{subsection.3.6.7}{\376\377\000S\000a\000u\000v\000e\000g\000a\000r\000d\000e\000\040\000d\000e\000\040\000l\000a\000\040\000b\000a\000s\000e\000\040\000d\000e\000\040\000d\000o\000n\000n\000\351\000e\000s}{section.3.6}% 150
\BOOKMARK [2][-]{subsection.3.6.8}{\376\377\000G\000e\000s\000t\000i\000o\000n\000\040\000d\000e\000s\000\040\000s\000e\000c\000r\000e\000t\000s}{section.3.6}% 151
\BOOKMARK [1][-]{section.3.7}{\376\377\000M\000o\000d\000\350\000l\000e\000\040\000d\000e\000\040\000d\000o\000n\000n\000\351\000e\000s}{chapter.3}% 152
\BOOKMARK [2][-]{subsection.3.7.1}{\376\377\000O\000r\000g\000a\000n\000i\000s\000a\000t\000i\000o\000n\000\040\000p\000a\000r\000\040\000p\000a\000c\000k\000a\000g\000e\000s}{section.3.7}% 153
\BOOKMARK [2][-]{subsection.3.7.2}{\376\377\000P\000r\000i\000n\000c\000i\000p\000e\000s\000\040\000s\000t\000r\000u\000c\000t\000u\000r\000a\000n\000t\000s}{section.3.7}% 154
\BOOKMARK [3][-]{subsubsection.3.7.2.1}{\376\377\000L\000'\000a\000n\000n\000\351\000e\000\040\000u\000n\000i\000v\000e\000r\000s\000i\000t\000a\000i\000r\000e\000\040\000c\000o\000m\000m\000e\000\040\000a\000x\000e\000\040\000t\000e\000m\000p\000o\000r\000e\000l}{subsection.3.7.2}% 155
\BOOKMARK [3][-]{subsubsection.3.7.2.2}{\376\377\000L\000'\000I\000N\000E\000\040\000c\000o\000m\000m\000e\000\040\000i\000d\000e\000n\000t\000i\000f\000i\000a\000n\000t\000\040\000p\000i\000v\000o\000t}{subsection.3.7.2}% 156
\BOOKMARK [3][-]{subsubsection.3.7.2.3}{\376\377\000H\000i\000\351\000r\000a\000r\000c\000h\000i\000e\000\040\000q\000u\000o\000t\000a\000s\000\040\000I\000N\000P\000\040\000/\000\040\000q\000u\000o\000t\000a\000s\000\040\000N\0007}{subsection.3.7.2}% 157
\BOOKMARK [1][-]{section.3.8}{\376\377\000F\000l\000u\000x\000\040\000d\000e\000\040\000d\000o\000n\000n\000\351\000e\000s\000\040\000:\000\040\000d\000e\000\040\000l\000a\000\040\000s\000o\000u\000r\000c\000e\000\040\000a\000u\000\040\000w\000o\000r\000k\000f\000l\000o\000w}{chapter.3}% 158
\BOOKMARK [2][-]{subsection.3.8.1}{\376\377\000D\000\351\000t\000a\000i\000l\000\040\000d\000e\000\040\000l\040\031\000\351\000t\000a\000p\000e\000\040\000d\000e\000\040\000n\000e\000t\000t\000o\000y\000a\000g\000e\000\040\000e\000t\000\040\000v\000a\000l\000i\000d\000a\000t\000i\000o\000n}{section.3.8}% 159
\BOOKMARK [3][-]{subsubsection.3.8.1.1}{\376\377\000D\000e\000s\000c\000r\000i\000p\000t\000i\000o\000n\000\040\000d\000u\000\040\000p\000r\000o\000c\000e\000s\000s\000u\000s\000\040\000d\000e\000\040\000t\000r\000a\000n\000s\000f\000o\000r\000m\000a\000t\000i\000o\000n}{subsection.3.8.1}% 160
\BOOKMARK [3][-]{subsubsection.3.8.1.2}{\376\377\000A\000r\000c\000h\000i\000t\000e\000c\000t\000u\000r\000e\000\040\000d\000u\000\040\000p\000i\000p\000e\000l\000i\000n\000e\000\040\000d\000e\000\040\000n\000e\000t\000t\000o\000y\000a\000g\000e}{subsection.3.8.1}% 161
\BOOKMARK [3][-]{subsubsection.3.8.1.3}{\376\377\000T\000e\000c\000h\000n\000o\000l\000o\000g\000i\000e\000s\000\040\000e\000t\000\040\000o\000u\000t\000i\000l\000s\000\040\000u\000t\000i\000l\000i\000s\000\351\000s}{subsection.3.8.1}% 162
\BOOKMARK [1][-]{section.3.9}{\376\377\000G\000e\000s\000t\000i\000o\000n\000\040\000d\000e\000s\000\040\000r\000i\000s\000q\000u\000e\000s}{chapter.3}% 163
\BOOKMARK [1][-]{section*.69}{\376\377\000C\000o\000n\000c\000l\000u\000s\000i\000o\000n}{chapter.3}% 164
\BOOKMARK [0][-]{chapter.4}{\376\377\000C\000h\000o\000i\000x\000\040\000a\000l\000g\000o\000r\000i\000t\000h\000m\000i\000q\000u\000e\000s\000\040\000e\000t\000\040\000m\000a\000c\000h\000i\000n\000e\000s\000\040\000\340\000\040\000\351\000t\000a\000t\000s}{}% 165
\BOOKMARK [1][-]{section*.70}{\376\377\000I\000n\000t\000r\000o\000d\000u\000c\000t\000i\000o\000n}{chapter.4}% 166
\BOOKMARK [1][-]{section.4.1}{\376\377\000C\000h\000o\000i\000x\000\040\000d\000e\000\040\000l\000'\000a\000l\000g\000o\000r\000i\000t\000h\000m\000e\000\040\000d\000'\000a\000f\000f\000e\000c\000t\000a\000t\000i\000o\000n}{chapter.4}% 167
\BOOKMARK [2][-]{subsection.4.1.1}{\376\377\000B\000e\000s\000o\000i\000n\000s\000\040\000s\000p\000\351\000c\000i\000f\000i\000q\000u\000e\000s}{section.4.1}% 168
\BOOKMARK [2][-]{subsection.4.1.2}{\376\377\000A\000l\000t\000e\000r\000n\000a\000t\000i\000v\000e\000s\000\040\000\351\000v\000a\000l\000u\000\351\000e\000s}{section.4.1}% 169
\BOOKMARK [3][-]{subsubsection.4.1.2.1}{\376\377\000A\000l\000g\000o\000r\000i\000t\000h\000m\000e\000\040\000g\000l\000o\000u\000t\000o\000n}{subsection.4.1.2}% 170
\BOOKMARK [3][-]{subsubsection.4.1.2.2}{\376\377\000G\000a\000l\000e\000-\000S\000h\000a\000p\000l\000e\000y}{subsection.4.1.2}% 171
\BOOKMARK [2][-]{subsection.4.1.3}{\376\377\000S\000y\000n\000t\000h\000\350\000s\000e\000\040\000c\000o\000m\000p\000a\000r\000a\000t\000i\000v\000e}{section.4.1}% 172
\BOOKMARK [2][-]{subsection.4.1.4}{\376\377\000D\000\351\000c\000i\000s\000i\000o\000n}{section.4.1}% 173
\BOOKMARK [1][-]{section.4.2}{\376\377\000C\000h\000o\000i\000x\000\040\000d\000e\000\040\000l\000a\000\040\000m\000\351\000t\000h\000o\000d\000e\000\040\000d\000e\000\040\000r\000\351\000p\000a\000r\000t\000i\000t\000i\000o\000n\000\040\000d\000e\000s\000\040\000q\000u\000o\000t\000a\000s\000\040\000p\000a\000r\000\040\000d\000\351\000p\000a\000r\000t\000e\000m\000e\000n\000t}{chapter.4}% 174
\BOOKMARK [2][-]{subsection.4.2.1}{\376\377\000B\000e\000s\000o\000i\000n\000s\000\040\000s\000p\000\351\000c\000i\000f\000i\000q\000u\000e\000s}{section.4.2}% 175
\BOOKMARK [2][-]{subsection.4.2.2}{\376\377\000A\000l\000t\000e\000r\000n\000a\000t\000i\000v\000e\000s\000\040\000\351\000v\000a\000l\000u\000\351\000e\000s}{section.4.2}% 176
\BOOKMARK [3][-]{subsubsection.4.2.2.1}{\376\377\000M\000\351\000t\000h\000o\000d\000e\000\040\000H\000a\000m\000i\000l\000t\000o\000n\000\040\000\050\000p\000l\000u\000s\000\040\000g\000r\000a\000n\000d\000s\000\040\000r\000e\000s\000t\000e\000s\000\051}{subsection.4.2.2}% 177
\BOOKMARK [3][-]{subsubsection.4.2.2.2}{\376\377\000M\000\351\000t\000h\000o\000d\000e\000\040\000J\000e\000f\000f\000e\000r\000s\000o\000n\000\040\000\050\000p\000l\000u\000s\000\040\000g\000r\000a\000n\000d\000e\000s\000\040\000m\000o\000y\000e\000n\000n\000e\000s\000\051}{subsection.4.2.2}% 178
\BOOKMARK [3][-]{subsubsection.4.2.2.3}{\376\377\000M\000\351\000t\000h\000o\000d\000e\000\040\000W\000e\000b\000s\000t\000e\000r}{subsection.4.2.2}% 179
\BOOKMARK [2][-]{subsection.4.2.3}{\376\377\000S\000y\000n\000t\000h\000\350\000s\000e\000\040\000c\000o\000m\000p\000a\000r\000a\000t\000i\000v\000e}{section.4.2}% 180
\BOOKMARK [2][-]{subsection.4.2.4}{\376\377\000D\000\351\000c\000i\000s\000i\000o\000n}{section.4.2}% 181
\BOOKMARK [1][-]{section.4.3}{\376\377\000C\000h\000o\000i\000x\000\040\000d\000u\000\040\000m\000o\000t\000e\000u\000r\000\040\000d\000e\000\040\000r\000e\000c\000o\000m\000m\000a\000n\000d\000a\000t\000i\000o\000n}{chapter.4}% 182
\BOOKMARK [2][-]{subsection.4.3.1}{\376\377\000B\000e\000s\000o\000i\000n\000s\000\040\000s\000p\000\351\000c\000i\000f\000i\000q\000u\000e\000s}{section.4.3}% 183
\BOOKMARK [2][-]{subsection.4.3.2}{\376\377\000A\000l\000t\000e\000r\000n\000a\000t\000i\000v\000e\000s\000\040\000\351\000v\000a\000l\000u\000\351\000e\000s}{section.4.3}% 184
\BOOKMARK [3][-]{subsubsection.4.3.2.1}{\376\377\000A\000p\000p\000r\000o\000c\000h\000e\000\040\000b\000a\000s\000\351\000e\000\040\000s\000u\000r\000\040\000d\000e\000s\000\040\000r\000\350\000g\000l\000e\000s\000\040\000\050\000r\000u\000l\000e\000-\000b\000a\000s\000e\000d\000\051}{subsection.4.3.2}% 185
\BOOKMARK [3][-]{subsubsection.4.3.2.2}{\376\377\000A\000p\000p\000r\000o\000c\000h\000e\000\040\000p\000a\000r\000\040\000s\000i\000m\000i\000l\000a\000r\000i\000t\000\351\000\040\000\050\000c\000o\000l\000l\000a\000b\000o\000r\000a\000t\000i\000v\000e\000\040\000f\000i\000l\000t\000e\000r\000i\000n\000g\000\051}{subsection.4.3.2}% 186
\BOOKMARK [3][-]{subsubsection.4.3.2.3}{\376\377\000A\000p\000p\000r\000o\000c\000h\000e\000\040\000p\000a\000r\000\040\000a\000p\000p\000r\000e\000n\000t\000i\000s\000s\000a\000g\000e\000\040\000s\000u\000p\000e\000r\000v\000i\000s\000\351}{subsection.4.3.2}% 187
\BOOKMARK [2][-]{subsection.4.3.3}{\376\377\000S\000y\000n\000t\000h\000\350\000s\000e\000\040\000c\000o\000m\000p\000a\000r\000a\000t\000i\000v\000e}{section.4.3}% 188
\BOOKMARK [2][-]{subsection.4.3.4}{\376\377\000D\000\351\000c\000i\000s\000i\000o\000n}{section.4.3}% 189
\BOOKMARK [1][-]{section.4.4}{\376\377\000C\000h\000o\000i\000x\000\040\000d\000e\000\040\000l\000'\000o\000r\000c\000h\000e\000s\000t\000r\000a\000t\000i\000o\000n\000\040\000R\000A\000G}{chapter.4}% 190
\BOOKMARK [2][-]{subsection.4.4.1}{\376\377\000B\000e\000s\000o\000i\000n\000s\000\040\000s\000p\000\351\000c\000i\000f\000i\000q\000u\000e\000s}{section.4.4}% 191
\BOOKMARK [2][-]{subsection.4.4.2}{\376\377\000M\000o\000d\000\350\000l\000e\000\040\000d\000e\000\040\000l\000a\000n\000g\000a\000g\000e}{section.4.4}% 192
\BOOKMARK [2][-]{subsection.4.4.3}{\376\377\000A\000l\000t\000e\000r\000n\000a\000t\000i\000v\000e\000s\000\040\000\351\000v\000a\000l\000u\000\351\000e\000s}{section.4.4}% 193
\BOOKMARK [3][-]{subsubsection.4.4.3.1}{\376\377\000L\000a\000n\000g\000C\000h\000a\000i\000n}{subsection.4.4.3}% 194
\BOOKMARK [3][-]{subsubsection.4.4.3.2}{\376\377\000L\000l\000a\000m\000a\000I\000n\000d\000e\000x}{subsection.4.4.3}% 195
\BOOKMARK [3][-]{subsubsection.4.4.3.3}{\376\377\000H\000a\000y\000s\000t\000a\000c\000k}{subsection.4.4.3}% 196
\BOOKMARK [3][-]{subsubsection.4.4.3.4}{\376\377\000A\000p\000p\000r\000o\000c\000h\000e\000\040\000d\000i\000r\000e\000c\000t\000e\000\040\000\050\000s\000a\000n\000s\000\040\000f\000r\000a\000m\000e\000w\000o\000r\000k\000\051}{subsection.4.4.3}% 197
\BOOKMARK [2][-]{subsection.4.4.4}{\376\377\000S\000y\000n\000t\000h\000\350\000s\000e\000\040\000c\000o\000m\000p\000a\000r\000a\000t\000i\000v\000e}{section.4.4}% 198
\BOOKMARK [2][-]{subsection.4.4.5}{\376\377\000D\000\351\000c\000i\000s\000i\000o\000n}{section.4.4}% 199
\BOOKMARK [1][-]{section.4.5}{\376\377\000S\000y\000n\000t\000h\000\350\000s\000e\000\040\000d\000e\000s\000\040\000c\000h\000o\000i\000x\000\040\000a\000l\000g\000o\000r\000i\000t\000h\000m\000i\000q\000u\000e\000s}{chapter.4}% 200
\BOOKMARK [1][-]{section.4.6}{\376\377\000M\000a\000c\000h\000i\000n\000e\000s\000\040\000\340\000\040\000\351\000t\000a\000t\000s\000\040\000f\000i\000n\000i\000s\000\040\000\050\000F\000S\000M\000\051}{chapter.4}% 201
\BOOKMARK [2][-]{subsection.4.6.1}{\376\377\000P\000r\000i\000n\000c\000i\000p\000e\000\040\000e\000t\000\040\000i\000m\000p\000l\000\351\000m\000e\000n\000t\000a\000t\000i\000o\000n}{section.4.6}% 202
\BOOKMARK [2][-]{subsection.4.6.2}{\376\377\000F\000S\000M\000\040\000d\000e\000\040\000l\000'\000a\000n\000n\000\351\000e\000\040\000u\000n\000i\000v\000e\000r\000s\000i\000t\000a\000i\000r\000e}{section.4.6}% 203
\BOOKMARK [2][-]{subsection.4.6.3}{\376\377\000F\000S\000M\000\040\000d\000e\000s\000\040\000e\000n\000t\000i\000t\000\351\000s\000\040\000m\000\351\000t\000i\000e\000r}{section.4.6}% 204
\BOOKMARK [1][-]{section*.80}{\376\377\000C\000o\000n\000c\000l\000u\000s\000i\000o\000n}{chapter.4}% 205
\BOOKMARK [0][-]{chapter.5}{\376\377\000R\000\351\000a\000l\000i\000s\000a\000t\000i\000o\000n}{}% 206
\BOOKMARK [1][-]{section*.81}{\376\377\000I\000n\000t\000r\000o\000d\000u\000c\000t\000i\000o\000n}{chapter.5}% 207
\BOOKMARK [1][-]{section.5.1}{\376\377\000S\000p\000r\000i\000n\000t\000\040\0001\000\040\000:\000\040\000S\000o\000c\000l\000e\000\040\000t\000e\000c\000h\000n\000i\000q\000u\000e\000\040\000e\000t\000\040\000r\000\351\000f\000\351\000r\000e\000n\000t\000i\000e\000l\000s}{chapter.5}% 208
\BOOKMARK [2][-]{subsection.5.1.1}{\376\377\000O\000b\000j\000e\000c\000t\000i\000f\000\040\000d\000u\000\040\000s\000p\000r\000i\000n\000t}{section.5.1}% 209
\BOOKMARK [2][-]{subsection.5.1.2}{\376\377\000S\000p\000r\000i\000n\000t\000\040\000B\000a\000c\000k\000l\000o\000g\000\040\000:\000\040\000S\000p\000r\000i\000n\000t\000\040\0001}{section.5.1}% 210
\BOOKMARK [2][-]{subsection.5.1.3}{\376\377\000C\000o\000n\000c\000e\000p\000t\000i\000o\000n\000\040\000d\000\351\000t\000a\000i\000l\000l\000\351\000e}{section.5.1}% 211
\BOOKMARK [3][-]{subsubsection.5.1.3.1}{\376\377\000D\000i\000a\000g\000r\000a\000m\000m\000e\000\040\000d\000e\000\040\000c\000l\000a\000s\000s\000e\000s}{subsection.5.1.3}% 212
\BOOKMARK [2][-]{subsection.5.1.4}{\376\377\000I\000m\000p\000l\000\351\000m\000e\000n\000t\000a\000t\000i\000o\000n}{section.5.1}% 213
\BOOKMARK [2][-]{subsection.5.1.5}{\376\377\000T\000e\000s\000t\000s\000\040\000e\000t\000\040\000v\000a\000l\000i\000d\000a\000t\000i\000o\000n\000\040\000d\000u\000\040\000s\000p\000r\000i\000n\000t}{section.5.1}% 214
\BOOKMARK [1][-]{section.5.2}{\376\377\000S\000p\000r\000i\000n\000t\000\040\0002\000\040\000:\000\040\000D\000o\000n\000n\000\351\000e\000s\000\040\000e\000t\000\040\000t\000r\000a\000\347\000a\000b\000i\000l\000i\000t\000\351}{chapter.5}% 215
\BOOKMARK [2][-]{subsection.5.2.1}{\376\377\000O\000b\000j\000e\000c\000t\000i\000f\000\040\000d\000u\000\040\000s\000p\000r\000i\000n\000t}{section.5.2}% 216
\BOOKMARK [2][-]{subsection.5.2.2}{\376\377\000S\000p\000r\000i\000n\000t\000\040\000B\000a\000c\000k\000l\000o\000g\000\040\000:\000\040\000S\000p\000r\000i\000n\000t\000\040\0002}{section.5.2}% 217
\BOOKMARK [2][-]{subsection.5.2.3}{\376\377\000C\000o\000n\000c\000e\000p\000t\000i\000o\000n\000\040\000d\000\351\000t\000a\000i\000l\000l\000\351\000e}{section.5.2}% 218
\BOOKMARK [3][-]{subsubsection.5.2.3.1}{\376\377\000D\000i\000a\000g\000r\000a\000m\000m\000e\000\040\000d\000e\000\040\000c\000l\000a\000s\000s\000e\000s}{subsection.5.2.3}% 219
\BOOKMARK [3][-]{subsubsection.5.2.3.2}{\376\377\000D\000i\000a\000g\000r\000a\000m\000m\000e\000\040\000d\000e\000\040\000s\000\351\000q\000u\000e\000n\000c\000e}{subsection.5.2.3}% 220
\BOOKMARK [2][-]{subsection.5.2.4}{\376\377\000I\000m\000p\000l\000\351\000m\000e\000n\000t\000a\000t\000i\000o\000n}{section.5.2}% 221
\BOOKMARK [2][-]{subsection.5.2.5}{\376\377\000T\000e\000s\000t\000s\000\040\000e\000t\000\040\000v\000a\000l\000i\000d\000a\000t\000i\000o\000n\000\040\000d\000u\000\040\000s\000p\000r\000i\000n\000t}{section.5.2}% 222
\BOOKMARK [1][-]{section.5.3}{\376\377\000S\000p\000r\000i\000n\000t\000\040\0003\000\040\000:\000\040\000A\000l\000g\000o\000r\000i\000t\000h\000m\000e\000\040\000d\000'\000a\000f\000f\000e\000c\000t\000a\000t\000i\000o\000n}{chapter.5}% 223
\BOOKMARK [2][-]{subsection.5.3.1}{\376\377\000O\000b\000j\000e\000c\000t\000i\000f\000\040\000d\000u\000\040\000s\000p\000r\000i\000n\000t}{section.5.3}% 224
\BOOKMARK [2][-]{subsection.5.3.2}{\376\377\000S\000p\000r\000i\000n\000t\000\040\000B\000a\000c\000k\000l\000o\000g\000\040\000:\000\040\000S\000p\000r\000i\000n\000t\000\040\0003}{section.5.3}% 225
\BOOKMARK [2][-]{subsection.5.3.3}{\376\377\000C\000o\000n\000c\000e\000p\000t\000i\000o\000n\000\040\000d\000\351\000t\000a\000i\000l\000l\000\351\000e}{section.5.3}% 226
\BOOKMARK [3][-]{subsubsection.5.3.3.1}{\376\377\000D\000i\000a\000g\000r\000a\000m\000m\000e\000\040\000d\000e\000\040\000c\000l\000a\000s\000s\000e\000s}{subsection.5.3.3}% 227
\BOOKMARK [3][-]{subsubsection.5.3.3.2}{\376\377\000D\000i\000a\000g\000r\000a\000m\000m\000e\000s\000\040\000d\000e\000\040\000s\000\351\000q\000u\000e\000n\000c\000e}{subsection.5.3.3}% 228
\BOOKMARK [2][-]{subsection.5.3.4}{\376\377\000I\000m\000p\000l\000\351\000m\000e\000n\000t\000a\000t\000i\000o\000n}{section.5.3}% 229
\BOOKMARK [2][-]{subsection.5.3.5}{\376\377\000T\000e\000s\000t\000s\000\040\000e\000t\000\040\000v\000a\000l\000i\000d\000a\000t\000i\000o\000n\000\040\000d\000u\000\040\000s\000p\000r\000i\000n\000t}{section.5.3}% 230
\BOOKMARK [1][-]{section.5.4}{\376\377\000S\000p\000r\000i\000n\000t\000\040\0004\000\040\000:\000\040\000S\000o\000u\000r\000c\000e\000s\000\040\000c\000o\000m\000p\000l\000\351\000m\000e\000n\000t\000a\000i\000r\000e\000s\000\040\000e\000t\000\040\000m\000o\000b\000i\000l\000i\000t\000\351\000s}{chapter.5}% 231
\BOOKMARK [2][-]{subsection.5.4.1}{\376\377\000O\000b\000j\000e\000c\000t\000i\000f\000\040\000d\000u\000\040\000s\000p\000r\000i\000n\000t}{section.5.4}% 232
\BOOKMARK [2][-]{subsection.5.4.2}{\376\377\000S\000p\000r\000i\000n\000t\000\040\000B\000a\000c\000k\000l\000o\000g\000\040\000:\000\040\000S\000p\000r\000i\000n\000t\000\040\0004}{section.5.4}% 233
\BOOKMARK [2][-]{subsection.5.4.3}{\376\377\000C\000o\000n\000c\000e\000p\000t\000i\000o\000n\000\040\000d\000\351\000t\000a\000i\000l\000l\000\351\000e}{section.5.4}% 234
\BOOKMARK [3][-]{subsubsection.5.4.3.1}{\376\377\000D\000i\000a\000g\000r\000a\000m\000m\000e\000\040\000d\000e\000\040\000c\000l\000a\000s\000s\000e\000s}{subsection.5.4.3}% 235
\BOOKMARK [3][-]{subsubsection.5.4.3.2}{\376\377\000D\000i\000a\000g\000r\000a\000m\000m\000e\000s\000\040\000d\000e\000\040\000s\000\351\000q\000u\000e\000n\000c\000e}{subsection.5.4.3}% 236
\BOOKMARK [2][-]{subsection.5.4.4}{\376\377\000I\000m\000p\000l\000\351\000m\000e\000n\000t\000a\000t\000i\000o\000n}{section.5.4}% 237
\BOOKMARK [2][-]{subsection.5.4.5}{\376\377\000T\000e\000s\000t\000s\000\040\000e\000t\000\040\000v\000a\000l\000i\000d\000a\000t\000i\000o\000n\000\040\000d\000u\000\040\000s\000p\000r\000i\000n\000t}{section.5.4}% 238
\BOOKMARK [1][-]{section.5.5}{\376\377\000S\000p\000r\000i\000n\000t\000\040\0005\000\040\000:\000\040\000C\000o\000n\000f\000o\000r\000m\000i\000t\000\351\000\040\000C\000T\000I\000\040\000e\000t\000\040\000a\000u\000t\000h\000e\000n\000t\000i\000f\000i\000c\000a\000t\000i\000o\000n}{chapter.5}% 239
\BOOKMARK [2][-]{subsection.5.5.1}{\376\377\000O\000b\000j\000e\000c\000t\000i\000f\000\040\000d\000u\000\040\000s\000p\000r\000i\000n\000t}{section.5.5}% 240
\BOOKMARK [2][-]{subsection.5.5.2}{\376\377\000S\000p\000r\000i\000n\000t\000\040\000B\000a\000c\000k\000l\000o\000g\000\040\000:\000\040\000S\000p\000r\000i\000n\000t\000\040\0005}{section.5.5}% 241
\BOOKMARK [2][-]{subsection.5.5.3}{\376\377\000C\000o\000n\000c\000e\000p\000t\000i\000o\000n\000\040\000d\000\351\000t\000a\000i\000l\000l\000\351\000e}{section.5.5}% 242
\BOOKMARK [3][-]{subsubsection.5.5.3.1}{\376\377\000D\000i\000a\000g\000r\000a\000m\000m\000e\000s\000\040\000d\000e\000\040\000s\000\351\000q\000u\000e\000n\000c\000e}{subsection.5.5.3}% 243
\BOOKMARK [2][-]{subsection.5.5.4}{\376\377\000I\000m\000p\000l\000\351\000m\000e\000n\000t\000a\000t\000i\000o\000n}{section.5.5}% 244
\BOOKMARK [2][-]{subsection.5.5.5}{\376\377\000T\000e\000s\000t\000s\000\040\000e\000t\000\040\000v\000a\000l\000i\000d\000a\000t\000i\000o\000n\000\040\000d\000u\000\040\000s\000p\000r\000i\000n\000t}{section.5.5}% 245
\BOOKMARK [1][-]{section.5.6}{\376\377\000S\000p\000r\000i\000n\000t\000\040\0006\000\040\000:\000\040\000F\000o\000n\000c\000t\000i\000o\000n\000n\000a\000l\000i\000t\000\351\000s\000\040\000i\000n\000t\000e\000l\000l\000i\000g\000e\000n\000t\000e\000s\000\040\000\050\000V\0002\000\051\000\040\040\024\000\040\000p\000a\000r\000t\000i\000e\000l\000l\000e\000m\000e\000n\000t\000\040\000r\000\351\000a\000l\000i\000s\000\351}{chapter.5}% 246
\BOOKMARK [2][-]{subsection.5.6.1}{\376\377\000O\000b\000j\000e\000c\000t\000i\000f\000\040\000d\000u\000\040\000s\000p\000r\000i\000n\000t}{section.5.6}% 247
\BOOKMARK [2][-]{subsection.5.6.2}{\376\377\000S\000p\000r\000i\000n\000t\000\040\000B\000a\000c\000k\000l\000o\000g\000\040\000:\000\040\000S\000p\000r\000i\000n\000t\000\040\0006}{section.5.6}% 248
\BOOKMARK [2][-]{subsection.5.6.3}{\376\377\000C\000o\000n\000c\000e\000p\000t\000i\000o\000n\000\040\000d\000\351\000t\000a\000i\000l\000l\000\351\000e}{section.5.6}% 249
\BOOKMARK [3][-]{subsubsection.5.6.3.1}{\376\377\000D\000i\000a\000g\000r\000a\000m\000m\000e\000\040\000d\000e\000\040\000s\000\351\000q\000u\000e\000n\000c\000e}{subsection.5.6.3}% 250
\BOOKMARK [2][-]{subsection.5.6.4}{\376\377\000I\000m\000p\000l\000\351\000m\000e\000n\000t\000a\000t\000i\000o\000n}{section.5.6}% 251
\BOOKMARK [2][-]{subsection.5.6.5}{\376\377\000F\000o\000n\000c\000t\000i\000o\000n\000n\000a\000l\000i\000t\000\351\000\040\000r\000e\000p\000o\000r\000t\000\351\000e\000\040\000:\000\040\000a\000s\000s\000i\000s\000t\000a\000n\000t\000\040\000v\000i\000r\000t\000u\000e\000l}{section.5.6}% 252
\BOOKMARK [2][-]{subsection.5.6.6}{\376\377\000T\000e\000s\000t\000s\000\040\000e\000t\000\040\000v\000a\000l\000i\000d\000a\000t\000i\000o\000n\000\040\000d\000u\000\040\000s\000p\000r\000i\000n\000t}{section.5.6}% 253
\BOOKMARK [1][-]{section*.110}{\376\377\000C\000o\000n\000c\000l\000u\000s\000i\000o\000n}{chapter.5}% 254
\BOOKMARK [0][-]{chapter.6}{\376\377\000T\000e\000s\000t\000s\000\040\000e\000t\000\040\000v\000a\000l\000i\000d\000a\000t\000i\000o\000n\000\040\000d\000u\000\040\000s\000y\000s\000t\000\350\000m\000e}{}% 255
\BOOKMARK [1][-]{section*.111}{\376\377\000I\000n\000t\000r\000o\000d\000u\000c\000t\000i\000o\000n}{chapter.6}% 256
\BOOKMARK [1][-]{section.6.1}{\376\377\000S\000t\000r\000a\000t\000\351\000g\000i\000e\000\040\000d\000e\000\040\000v\000a\000l\000i\000d\000a\000t\000i\000o\000n}{chapter.6}% 257
\BOOKMARK [1][-]{section.6.2}{\376\377\000S\000y\000n\000t\000h\000\350\000s\000e\000\040\000d\000e\000s\000\040\000t\000e\000s\000t\000s\000\040\000r\000\351\000a\000l\000i\000s\000\351\000s}{chapter.6}% 258
\BOOKMARK [1][-]{section.6.3}{\376\377\000V\000a\000l\000i\000d\000a\000t\000i\000o\000n\000\040\000E\000n\000d\000-\000t\000o\000-\000E\000n\000d}{chapter.6}% 259
\BOOKMARK [2][-]{subsection.6.3.1}{\376\377\000N\000a\000v\000i\000g\000a\000t\000i\000o\000n\000\040\000e\000t\000\040\000c\000o\000n\000t\000r\000\364\000l\000e\000\040\000d\000'\000a\000c\000c\000\350\000s}{section.6.3}% 260
\BOOKMARK [2][-]{subsection.6.3.2}{\376\377\000C\000y\000c\000l\000e\000\040\000d\000e\000\040\000v\000i\000e\000\040\000d\000e\000\040\000l\000'\000a\000n\000n\000\351\000e\000\040\000u\000n\000i\000v\000e\000r\000s\000i\000t\000a\000i\000r\000e}{section.6.3}% 261
\BOOKMARK [2][-]{subsection.6.3.3}{\376\377\000A\000l\000e\000r\000t\000e\000s\000\040\000s\000y\000s\000t\000\350\000m\000e}{section.6.3}% 262
\BOOKMARK [2][-]{subsection.6.3.4}{\376\377\000S\000c\000\351\000n\000a\000r\000i\000o\000s\000\040\000m\000\351\000t\000i\000e\000r\000\040\000a\000d\000m\000i\000n\000i\000s\000t\000r\000a\000t\000e\000u\000r}{section.6.3}% 263
\BOOKMARK [2][-]{subsection.6.3.5}{\376\377\000I\000m\000p\000o\000r\000t\000\040\000e\000t\000\040\000e\000x\000p\000o\000r\000t\000\040\000d\000e\000s\000\040\000d\000o\000n\000n\000\351\000e\000s}{section.6.3}% 264
\BOOKMARK [1][-]{section.6.4}{\376\377\000V\000a\000l\000i\000d\000a\000t\000i\000o\000n\000\040\000d\000e\000\040\000l\000a\000\040\000s\000\351\000c\000u\000r\000i\000t\000\351\000\040\000a\000p\000p\000l\000i\000c\000a\000t\000i\000v\000e}{chapter.6}% 265
\BOOKMARK [2][-]{subsection.6.4.1}{\376\377\000A\000n\000a\000l\000y\000s\000e\000\040\000c\000o\000m\000p\000l\000\351\000m\000e\000n\000t\000a\000i\000r\000e\000\040\000a\000v\000e\000c\000\040\000O\000W\000A\000S\000P\000\040\000Z\000A\000P}{section.6.4}% 266
\BOOKMARK [1][-]{section.6.5}{\376\377\000P\000e\000r\000f\000o\000r\000m\000a\000n\000c\000e\000\040\000e\000t\000\040\000c\000h\000a\000r\000g\000e}{chapter.6}% 267
\BOOKMARK [1][-]{section.6.6}{\376\377\000I\000n\000t\000\351\000g\000r\000a\000t\000i\000o\000n\000\040\000c\000o\000n\000t\000i\000n\000u\000e}{chapter.6}% 268
\BOOKMARK [1][-]{section.6.7}{\376\377\000A\000n\000a\000l\000y\000s\000e\000\040\000d\000e\000\040\000q\000u\000a\000l\000i\000t\000\351\000\040\000d\000e\000\040\000c\000o\000d\000e}{chapter.6}% 269
\BOOKMARK [1][-]{section.6.8}{\376\377\000S\000u\000p\000e\000r\000v\000i\000s\000i\000o\000n\000\040\000e\000t\000\040\000o\000b\000s\000e\000r\000v\000a\000b\000i\000l\000i\000t\000\351}{chapter.6}% 270
\BOOKMARK [2][-]{subsection.6.8.1}{\376\377\000S\000u\000i\000v\000i\000\040\000d\000e\000s\000\040\000m\000\351\000t\000r\000i\000q\000u\000e\000s}{section.6.8}% 271
\BOOKMARK [2][-]{subsection.6.8.2}{\376\377\000S\000u\000i\000v\000i\000\040\000d\000e\000s\000\040\000e\000r\000r\000e\000u\000r\000s}{section.6.8}% 272
\BOOKMARK [1][-]{section.6.9}{\376\377\000T\000r\000a\000\347\000a\000b\000i\000l\000i\000t\000\351\000\040\000d\000e\000s\000\040\000b\000e\000s\000o\000i\000n\000s\000\040\000f\000o\000n\000c\000t\000i\000o\000n\000n\000e\000l\000s}{chapter.6}% 273
\BOOKMARK [1][-]{section.6.10}{\376\377\000T\000r\000a\000\347\000a\000b\000i\000l\000i\000t\000\351\000\040\000d\000e\000s\000\040\000b\000e\000s\000o\000i\000n\000s\000\040\000n\000o\000n\000\040\000f\000o\000n\000c\000t\000i\000o\000n\000n\000e\000l\000s}{chapter.6}% 274
\BOOKMARK [1][-]{section.6.11}{\376\377\000S\000y\000n\000t\000h\000\350\000s\000e\000\040\000e\000t\000\040\000l\000i\000m\000i\000t\000e\000s\000\040\000d\000e\000\040\000l\000a\000\040\000c\000a\000m\000p\000a\000g\000n\000e\000\040\000d\000e\000\040\000t\000e\000s\000t}{chapter.6}% 275
\BOOKMARK [1][-]{section*.132}{\376\377\000C\000o\000n\000c\000l\000u\000s\000i\000o\000n}{chapter.6}% 276
\BOOKMARK [0][-]{chapter*.133}{\376\377\000C\000o\000n\000c\000l\000u\000s\000i\000o\000n\000\040\000g\000\351\000n\000\351\000r\000a\000l\000e}{}% 277
\BOOKMARK [0][-]{section*.134}{\376\377\000A\000n\000n\000e\000x\000e\000s}{}% 278
\BOOKMARK [0][-]{chapter*.144}{\376\377\000B\000i\000b\000l\000i\000o\000g\000r\000a\000p\000h\000i\000e}{}% 279
\BOOKMARK [0][-]{chapter*.145}{\376\377\000N\000e\000t\000o\000g\000r\000a\000p\000h\000i\000e}{}% 280
