\BOOKMARK [0][-]{chapter*.5}{\376\377\000I\000n\000t\000r\000o\000d\000u\000c\000t\000i\000o\000n\000\040\000g\000\351\000n\000\351\000r\000a\000l\000e}{}% 1
\BOOKMARK [0][-]{chapter.1}{\376\377\000O\000r\000g\000a\000n\000i\000s\000m\000e\000\040\000d\040\031\000a\000c\000c\000u\000e\000i\000l\000\040\000e\000t\000\040\000s\000y\000s\000t\000\350\000m\000e\000\040\000d\040\031\000i\000n\000f\000o\000r\000m\000a\000t\000i\000o\000n}{}% 2
\BOOKMARK [1][-]{section*.6}{\376\377\000I\000n\000t\000r\000o\000d\000u\000c\000t\000i\000o\000n}{chapter.1}% 3
\BOOKMARK [1][-]{section.1.1}{\376\377\000P\000r\000\351\000s\000e\000n\000t\000a\000t\000i\000o\000n\000\040\000d\000e\000\040\000l\000'\000o\000r\000g\000a\000n\000i\000s\000m\000e\000\040\000d\000'\000a\000c\000c\000u\000e\000i\000l}{chapter.1}% 4
\BOOKMARK [2][-]{subsection.1.1.1}{\376\377\000P\000r\000\351\000s\000e\000n\000t\000a\000t\000i\000o\000n\000\040\000d\000e\000\040\000T\000o\000u\000l\000o\000u\000s\000e\000\040\000I\000N\000P\000-\000E\000N\000S\000E\000E\000I\000H\000T}{section.1.1}% 5
\BOOKMARK [2][-]{subsection.1.1.2}{\376\377\000L\000e\000\040\000s\000e\000r\000v\000i\000c\000e\000\040\000d\000e\000s\000\040\000r\000e\000l\000a\000t\000i\000o\000n\000s\000\040\000i\000n\000t\000e\000r\000n\000a\000t\000i\000o\000n\000a\000l\000e\000s}{section.1.1}% 6
\BOOKMARK [1][-]{section.1.2}{\376\377\000A\000n\000a\000l\000y\000s\000e\000\040\000d\000u\000\040\000s\000y\000s\000t\000\350\000m\000e\000\040\000d\040\031\000i\000n\000f\000o\000r\000m\000a\000t\000i\000o\000n\000\040\000i\000n\000t\000e\000r\000n\000e}{chapter.1}% 7
\BOOKMARK [2][-]{subsection.1.2.1}{\376\377\000L\000e\000s\000\040\000o\000u\000t\000i\000l\000s\000\040\000e\000n\000\040\000p\000l\000a\000c\000e}{section.1.2}% 8
\BOOKMARK [3][-]{subsubsection.1.2.1.1}{\376\377\000Q\000S\000\040\000M\000o\000v\000e\000O\000N}{subsection.1.2.1}% 9
\BOOKMARK [3][-]{subsubsection.1.2.1.2}{\376\377\000P\000\351\000g\000a\000s\000e}{subsection.1.2.1}% 10
\BOOKMARK [3][-]{subsubsection.1.2.1.3}{\376\377\000E\000u\000d\000o\000n\000e\000t}{subsection.1.2.1}% 11
\BOOKMARK [3][-]{subsubsection.1.2.1.4}{\376\377\000L\000e\000s\000\040\000f\000i\000c\000h\000i\000e\000r\000s\000\040\000E\000x\000c\000e\000l}{subsection.1.2.1}% 12
\BOOKMARK [2][-]{subsection.1.2.2}{\376\377\000L\000i\000m\000i\000t\000e\000s\000\040\000s\000t\000r\000u\000c\000t\000u\000r\000e\000l\000l\000e\000s}{section.1.2}% 13
\BOOKMARK [1][-]{section*.7}{\376\377\000C\000o\000n\000c\000l\000u\000s\000i\000o\000n}{chapter.1}% 14
\BOOKMARK [0][-]{chapter.2}{\376\377\000A\000n\000a\000l\000y\000s\000e\000\040\000d\000e\000s\000\040\000s\000o\000l\000u\000t\000i\000o\000n\000s\000\040\000e\000x\000i\000s\000t\000a\000n\000t\000e\000s\000\040\000e\000t\000\040\000p\000o\000s\000i\000t\000i\000o\000n\000n\000e\000m\000e\000n\000t}{}% 15
\BOOKMARK [1][-]{section*.8}{\376\377\000I\000n\000t\000r\000o\000d\000u\000c\000t\000i\000o\000n}{chapter.2}% 16
\BOOKMARK [1][-]{section.2.1}{\376\377\000G\000r\000i\000l\000l\000e\000\040\000d\000'\000\351\000v\000a\000l\000u\000a\000t\000i\000o\000n}{chapter.2}% 17
\BOOKMARK [1][-]{section.2.2}{\376\377\000A\000n\000a\000l\000y\000s\000e\000\040\000d\000e\000s\000\040\000s\000o\000l\000u\000t\000i\000o\000n\000s\000\040\000e\000x\000i\000s\000t\000a\000n\000t\000e\000s}{chapter.2}% 18
\BOOKMARK [2][-]{subsection.2.2.1}{\376\377\000Q\000S\000\040\000M\000o\000v\000e\000O\000N}{section.2.2}% 19
\BOOKMARK [2][-]{subsection.2.2.2}{\376\377\000E\000r\000a\000s\000m\000u\000s\000J\000E\000T}{section.2.2}% 20
\BOOKMARK [2][-]{subsection.2.2.3}{\376\377\000T\000r\000a\000v\000a\000u\000x\000\040\000a\000c\000a\000d\000\351\000m\000i\000q\000u\000e\000s\000\040\000:\000\040\000E\000l\000a\000h\000i\000\040\000e\000t\000\040\000a\000l\000.\000\040\000\050\0002\0000\0002\0002\000\051}{section.2.2}% 21
\BOOKMARK [1][-]{section.2.3}{\376\377\000T\000a\000b\000l\000e\000a\000u\000\040\000c\000o\000m\000p\000a\000r\000a\000t\000i\000f\000\040\000d\000e\000\040\000s\000y\000n\000t\000h\000\350\000s\000e}{chapter.2}% 22
\BOOKMARK [1][-]{section.2.4}{\376\377\000P\000r\000o\000b\000l\000\351\000m\000a\000t\000i\000q\000u\000e\000\040\000e\000t\000\040\000s\000o\000l\000u\000t\000i\000o\000n\000\040\000p\000r\000o\000p\000o\000s\000\351\000e}{chapter.2}% 23
\BOOKMARK [2][-]{subsection.2.4.1}{\376\377\000P\000r\000o\000b\000l\000\351\000m\000a\000t\000i\000q\000u\000e}{section.2.4}% 24
\BOOKMARK [2][-]{subsection.2.4.2}{\376\377\000S\000o\000l\000u\000t\000i\000o\000n\000\040\000p\000r\000o\000p\000o\000s\000\351\000e}{section.2.4}% 25
\BOOKMARK [1][-]{section*.11}{\376\377\000C\000o\000n\000c\000l\000u\000s\000i\000o\000n}{chapter.2}% 26
\BOOKMARK [0][-]{chapter.3}{\376\377\000B\000e\000s\000o\000i\000n\000s\000\040\000d\000u\000\040\000s\000y\000s\000t\000\350\000m\000e\000\040\000e\000t\000\040\000c\000h\000o\000i\000x\000\040\000t\000e\000c\000h\000n\000o\000l\000o\000g\000i\000q\000u\000e\000s}{}% 27
\BOOKMARK [1][-]{section*.12}{\376\377\000I\000n\000t\000r\000o\000d\000u\000c\000t\000i\000o\000n}{chapter.3}% 28
\BOOKMARK [1][-]{section.3.1}{\376\377\000B\000e\000s\000o\000i\000n\000s\000\040\000f\000o\000n\000c\000t\000i\000o\000n\000n\000e\000l\000s}{chapter.3}% 29
\BOOKMARK [2][-]{subsection.3.1.1}{\376\377\000F\000o\000n\000c\000t\000i\000o\000n\000n\000a\000l\000i\000t\000\351\000s\000\040\000o\000p\000\351\000r\000a\000t\000i\000o\000n\000n\000e\000l\000l\000e\000s}{section.3.1}% 30
\BOOKMARK [2][-]{subsection.3.1.2}{\376\377\000F\000o\000n\000c\000t\000i\000o\000n\000n\000a\000l\000i\000t\000\351\000s\000\040\000i\000n\000t\000e\000l\000l\000i\000g\000e\000n\000t\000e\000s}{section.3.1}% 31
\BOOKMARK [1][-]{section.3.2}{\376\377\000B\000e\000s\000o\000i\000n\000s\000\040\000n\000o\000n\000\040\000f\000o\000n\000c\000t\000i\000o\000n\000n\000e\000l\000s}{chapter.3}% 32
\BOOKMARK [1][-]{section.3.3}{\376\377\000P\000r\000o\000f\000i\000l\000s\000\040\000u\000t\000i\000l\000i\000s\000a\000t\000e\000u\000r\000s\000\040\000e\000t\000\040\000p\000\351\000r\000i\000m\000\350\000t\000r\000e\000\040\000d\000e\000\040\000r\000\351\000a\000l\000i\000s\000a\000t\000i\000o\000n}{chapter.3}% 33
\BOOKMARK [2][-]{subsection.3.3.1}{\376\377\000P\000r\000o\000f\000i\000l\000s\000\040\000u\000t\000i\000l\000i\000s\000a\000t\000e\000u\000r\000s}{section.3.3}% 34
\BOOKMARK [2][-]{subsection.3.3.2}{\376\377\000P\000\351\000r\000i\000m\000\350\000t\000r\000e\000\040\000d\000e\000\040\000r\000\351\000a\000l\000i\000s\000a\000t\000i\000o\000n}{section.3.3}% 35
\BOOKMARK [1][-]{section.3.4}{\376\377\000C\000a\000d\000r\000e\000\040\000m\000\351\000t\000h\000o\000d\000o\000l\000o\000g\000i\000q\000u\000e\000\040\000e\000t\000\040\000a\000p\000p\000r\000o\000c\000h\000e\000s\000\040\000d\000e\000\040\000d\000\351\000v\000e\000l\000o\000p\000p\000e\000m\000e\000n\000t}{chapter.3}% 36
\BOOKMARK [2][-]{subsection.3.4.1}{\376\377\000M\000\351\000t\000h\000o\000d\000o\000l\000o\000g\000i\000e\000\040\000d\000e\000\040\000g\000e\000s\000t\000i\000o\000n\000\040\000d\000e\000\040\000p\000r\000o\000j\000e\000t}{section.3.4}% 37
\BOOKMARK [3][-]{subsubsection.3.4.1.1}{\376\377\000M\000\351\000t\000h\000o\000d\000e\000\040\000e\000n\000\040\000c\000a\000s\000c\000a\000d\000e}{subsection.3.4.1}% 38
\BOOKMARK [3][-]{subsubsection.3.4.1.2}{\376\377\000K\000a\000n\000b\000a\000n}{subsection.3.4.1}% 39
\BOOKMARK [3][-]{subsubsection.3.4.1.3}{\376\377\000S\000c\000r\000u\000m}{subsection.3.4.1}% 40
\BOOKMARK [3][-]{subsubsection.3.4.1.4}{\376\377\000C\000o\000m\000p\000a\000r\000a\000i\000s\000o\000n\000\040\000e\000t\000\040\000c\000h\000o\000i\000x\000\040\000r\000e\000t\000e\000n\000u}{subsection.3.4.1}% 41
\BOOKMARK [2][-]{subsection.3.4.2}{\376\377\000O\000r\000g\000a\000n\000i\000s\000a\000t\000i\000o\000n\000\040\000d\000u\000\040\000c\000o\000d\000e\000\040\000:\000\040\000D\000o\000m\000a\000i\000n\000-\000D\000r\000i\000v\000e\000n\000\040\000D\000e\000s\000i\000g\000n\000\040\000a\000l\000l\000\351\000g\000\351}{section.3.4}% 42
\BOOKMARK [3][-]{subsubsection.3.4.2.1}{\376\377\000D\000\351\000c\000o\000u\000p\000a\000g\000e\000\040\000e\000n\000\040\000d\000o\000m\000a\000i\000n\000e\000s\000\040\000m\000\351\000t\000i\000e\000r}{subsection.3.4.2}% 43
\BOOKMARK [3][-]{subsubsection.3.4.2.2}{\376\377\000L\000a\000n\000g\000a\000g\000e\000\040\000u\000b\000i\000q\000u\000i\000t\000a\000i\000r\000e}{subsection.3.4.2}% 44
\BOOKMARK [3][-]{subsubsection.3.4.2.3}{\376\377\000E\000n\000c\000a\000p\000s\000u\000l\000a\000t\000i\000o\000n\000\040\000d\000e\000s\000\040\000r\000\350\000g\000l\000e\000s\000\040\000m\000\351\000t\000i\000e\000r}{subsection.3.4.2}% 45
\BOOKMARK [2][-]{subsection.3.4.3}{\376\377\000S\000t\000y\000l\000e\000\040\000a\000r\000c\000h\000i\000t\000e\000c\000t\000u\000r\000a\000l\000\040\000:\000\040\000a\000r\000c\000h\000i\000t\000e\000c\000t\000u\000r\000e\000\040\000e\000n\000\040\000c\000o\000u\000c\000h\000e\000s}{section.3.4}% 46
\BOOKMARK [1][-]{section.3.5}{\376\377\000C\000h\000o\000i\000x\000\040\000d\000u\000\040\000f\000r\000o\000n\000t\000e\000n\000d}{chapter.3}% 47
\BOOKMARK [2][-]{subsection.3.5.1}{\376\377\000B\000e\000s\000o\000i\000n\000s\000\040\000s\000p\000\351\000c\000i\000f\000i\000q\000u\000e\000s}{section.3.5}% 48
\BOOKMARK [2][-]{subsection.3.5.2}{\376\377\000A\000l\000t\000e\000r\000n\000a\000t\000i\000v\000e\000s\000\040\000\351\000v\000a\000l\000u\000\351\000e\000s}{section.3.5}% 49
\BOOKMARK [3][-]{subsubsection.3.5.2.1}{\376\377\000A\000p\000p\000l\000i\000c\000a\000t\000i\000o\000n\000s\000\040\000m\000o\000n\000o\000p\000a\000g\000e\000\040\040\024\000\040\000R\000e\000a\000c\000t\000\040\000+\000\040\000V\000i\000t\000e}{subsection.3.5.2}% 50
\BOOKMARK [3][-]{subsubsection.3.5.2.2}{\376\377\000A\000n\000g\000u\000l\000a\000r}{subsection.3.5.2}% 51
\BOOKMARK [3][-]{subsubsection.3.5.2.3}{\376\377\000N\000e\000x\000t\000.\000j\000s\000\040\0001\0004}{subsection.3.5.2}% 52
\BOOKMARK [2][-]{subsection.3.5.3}{\376\377\000S\000y\000n\000t\000h\000\350\000s\000e\000\040\000c\000o\000m\000p\000a\000r\000a\000t\000i\000v\000e}{section.3.5}% 53
\BOOKMARK [2][-]{subsection.3.5.4}{\376\377\000D\000\351\000c\000i\000s\000i\000o\000n}{section.3.5}% 54
\BOOKMARK [1][-]{section.3.6}{\376\377\000C\000h\000o\000i\000x\000\040\000d\000u\000\040\000b\000a\000c\000k\000e\000n\000d}{chapter.3}% 55
\BOOKMARK [2][-]{subsection.3.6.1}{\376\377\000B\000e\000s\000o\000i\000n\000s\000\040\000s\000p\000\351\000c\000i\000f\000i\000q\000u\000e\000s}{section.3.6}% 56
\BOOKMARK [2][-]{subsection.3.6.2}{\376\377\000C\000h\000o\000i\000x\000\040\000d\000u\000\040\000f\000r\000a\000m\000e\000w\000o\000r\000k\000\040\000b\000a\000c\000k\000e\000n\000d}{section.3.6}% 57
\BOOKMARK [3][-]{subsubsection.3.6.2.1}{\376\377\000A\000l\000t\000e\000r\000n\000a\000t\000i\000v\000e\000s\000\040\000\351\000v\000a\000l\000u\000\351\000e\000s}{subsection.3.6.2}% 58
\BOOKMARK [4][-]{paragraph.3.6.2.1.1}{\376\377\000N\000o\000d\000e\000.\000j\000s}{subsubsection.3.6.2.1}% 59
\BOOKMARK [4][-]{paragraph.3.6.2.1.2}{\376\377\000F\000a\000s\000t\000A\000P\000I}{subsubsection.3.6.2.1}% 60
\BOOKMARK [4][-]{paragraph.3.6.2.1.3}{\376\377\000D\000j\000a\000n\000g\000o}{subsubsection.3.6.2.1}% 61
\BOOKMARK [3][-]{subsubsection.3.6.2.2}{\376\377\000S\000y\000n\000t\000h\000\350\000s\000e\000\040\000c\000o\000m\000p\000a\000r\000a\000t\000i\000v\000e}{subsection.3.6.2}% 62
\BOOKMARK [3][-]{subsubsection.3.6.2.3}{\376\377\000D\000\351\000c\000i\000s\000i\000o\000n}{subsection.3.6.2}% 63
\BOOKMARK [2][-]{subsection.3.6.3}{\376\377\000C\000h\000o\000i\000x\000\040\000d\000e\000\040\000l\000a\000\040\000c\000o\000u\000c\000h\000e\000\040\000A\000P\000I}{section.3.6}% 64
\BOOKMARK [3][-]{subsubsection.3.6.3.1}{\376\377\000B\000e\000s\000o\000i\000n\000s\000\040\000s\000p\000\351\000c\000i\000f\000i\000q\000u\000e\000s}{subsection.3.6.3}% 65
\BOOKMARK [3][-]{subsubsection.3.6.3.2}{\376\377\000A\000l\000t\000e\000r\000n\000a\000t\000i\000v\000e\000s\000\040\000\351\000v\000a\000l\000u\000\351\000e\000s}{subsection.3.6.3}% 66
\BOOKMARK [4][-]{paragraph.3.6.3.2.1}{\376\377\000D\000j\000a\000n\000g\000o\000\040\000R\000E\000S\000T\000\040\000F\000r\000a\000m\000e\000w\000o\000r\000k\000\040\000\050\000D\000R\000F\000\051}{subsubsection.3.6.3.2}% 67
\BOOKMARK [4][-]{paragraph.3.6.3.2.2}{\376\377\000D\000j\000a\000n\000g\000o\000\040\000N\000i\000n\000j\000a}{subsubsection.3.6.3.2}% 68
\BOOKMARK [3][-]{subsubsection.3.6.3.3}{\376\377\000S\000y\000n\000t\000h\000\350\000s\000e\000\040\000c\000o\000m\000p\000a\000r\000a\000t\000i\000v\000e}{subsection.3.6.3}% 69
\BOOKMARK [3][-]{subsubsection.3.6.3.4}{\376\377\000D\000\351\000c\000i\000s\000i\000o\000n}{subsection.3.6.3}% 70
\BOOKMARK [1][-]{section.3.7}{\376\377\000C\000h\000o\000i\000x\000\040\000d\000e\000\040\000l\000a\000\040\000b\000a\000s\000e\000\040\000d\000e\000\040\000d\000o\000n\000n\000\351\000e\000s}{chapter.3}% 71
\BOOKMARK [2][-]{subsection.3.7.1}{\376\377\000B\000e\000s\000o\000i\000n\000s\000\040\000s\000p\000\351\000c\000i\000f\000i\000q\000u\000e\000s}{section.3.7}% 72
\BOOKMARK [2][-]{subsection.3.7.2}{\376\377\000A\000l\000t\000e\000r\000n\000a\000t\000i\000v\000e\000s\000\040\000\351\000v\000a\000l\000u\000\351\000e\000s}{section.3.7}% 73
\BOOKMARK [3][-]{subsubsection.3.7.2.1}{\376\377\000M\000y\000S\000Q\000L}{subsection.3.7.2}% 74
\BOOKMARK [3][-]{subsubsection.3.7.2.2}{\376\377\000M\000o\000n\000g\000o\000D\000B}{subsection.3.7.2}% 75
\BOOKMARK [3][-]{subsubsection.3.7.2.3}{\376\377\000P\000o\000s\000t\000g\000r\000e\000S\000Q\000L\000\040\0001\0006}{subsection.3.7.2}% 76
\BOOKMARK [2][-]{subsection.3.7.3}{\376\377\000S\000y\000n\000t\000h\000\350\000s\000e\000\040\000c\000o\000m\000p\000a\000r\000a\000t\000i\000v\000e}{section.3.7}% 77
\BOOKMARK [2][-]{subsection.3.7.4}{\376\377\000D\000\351\000c\000i\000s\000i\000o\000n}{section.3.7}% 78
\BOOKMARK [1][-]{section.3.8}{\376\377\000C\000h\000o\000i\000x\000\040\000d\000u\000\040\000f\000o\000r\000m\000a\000t\000\040\000d\000e\000\040\000s\000t\000o\000c\000k\000a\000g\000e\000\040\000d\000e\000s\000\040\000i\000m\000p\000o\000r\000t\000s\000\040\000b\000r\000u\000t\000s}{chapter.3}% 79
\BOOKMARK [2][-]{subsection.3.8.1}{\376\377\000B\000e\000s\000o\000i\000n\000s\000\040\000s\000p\000\351\000c\000i\000f\000i\000q\000u\000e\000s}{section.3.8}% 80
\BOOKMARK [2][-]{subsection.3.8.2}{\376\377\000A\000l\000t\000e\000r\000n\000a\000t\000i\000v\000e\000s\000\040\000\351\000v\000a\000l\000u\000\351\000e\000s}{section.3.8}% 81
\BOOKMARK [3][-]{subsubsection.3.8.2.1}{\376\377\000F\000i\000c\000h\000i\000e\000r\000s\000\040\000p\000l\000a\000t\000s\000\040\000\050\000J\000S\000O\000N\000\040\000s\000u\000r\000\040\000l\000e\000\040\000s\000y\000s\000t\000\350\000m\000e\000\040\000d\000e\000\040\000f\000i\000c\000h\000i\000e\000r\000s\000\051}{subsection.3.8.2}% 82
\BOOKMARK [3][-]{subsubsection.3.8.2.2}{\376\377\000B\000a\000s\000e\000\040\000N\000o\000S\000Q\000L\000\040\000d\000\351\000d\000i\000\351\000e\000\040\000\050\000M\000o\000n\000g\000o\000D\000B\000\051}{subsection.3.8.2}% 83
\BOOKMARK [3][-]{subsubsection.3.8.2.3}{\376\377\000T\000y\000p\000e\000\040\000J\000S\000O\000N\000B\000\040\000d\000a\000n\000s\000\040\000P\000o\000s\000t\000g\000r\000e\000S\000Q\000L}{subsection.3.8.2}% 84
\BOOKMARK [2][-]{subsection.3.8.3}{\376\377\000S\000y\000n\000t\000h\000\350\000s\000e\000\040\000c\000o\000m\000p\000a\000r\000a\000t\000i\000v\000e}{section.3.8}% 85
\BOOKMARK [2][-]{subsection.3.8.4}{\376\377\000D\000\351\000c\000i\000s\000i\000o\000n}{section.3.8}% 86
\BOOKMARK [1][-]{section.3.9}{\376\377\000C\000h\000o\000i\000x\000\040\000d\000u\000\040\000g\000e\000s\000t\000i\000o\000n\000n\000a\000i\000r\000e\000\040\000d\000e\000\040\000t\000\342\000c\000h\000e\000s\000\040\000a\000s\000y\000n\000c\000h\000r\000o\000n\000e\000s}{chapter.3}% 87
\BOOKMARK [2][-]{subsection.3.9.1}{\376\377\000B\000e\000s\000o\000i\000n\000s\000\040\000s\000p\000\351\000c\000i\000f\000i\000q\000u\000e\000s}{section.3.9}% 88
\BOOKMARK [2][-]{subsection.3.9.2}{\376\377\000A\000l\000t\000e\000r\000n\000a\000t\000i\000v\000e\000s\000\040\000\351\000v\000a\000l\000u\000\351\000e\000s}{section.3.9}% 89
\BOOKMARK [3][-]{subsubsection.3.9.2.1}{\376\377\000C\000e\000l\000e\000r\000y\000\040\000+\000\040\000R\000e\000d\000i\000s}{subsection.3.9.2}% 90
\BOOKMARK [3][-]{subsubsection.3.9.2.2}{\376\377\000D\000j\000a\000n\000g\000o\000-\000Q\0002\000\040\000+\000\040\000P\000o\000s\000t\000g\000r\000e\000S\000Q\000L}{subsection.3.9.2}% 91
\BOOKMARK [2][-]{subsection.3.9.3}{\376\377\000S\000y\000n\000t\000h\000\350\000s\000e\000\040\000c\000o\000m\000p\000a\000r\000a\000t\000i\000v\000e}{section.3.9}% 92
\BOOKMARK [2][-]{subsection.3.9.4}{\376\377\000D\000\351\000c\000i\000s\000i\000o\000n}{section.3.9}% 93
\BOOKMARK [1][-]{section.3.10}{\376\377\000C\000h\000o\000i\000x\000\040\000d\000u\000\040\000s\000t\000o\000c\000k\000a\000g\000e\000\040\000d\000e\000\040\000f\000i\000c\000h\000i\000e\000r\000s}{chapter.3}% 94
\BOOKMARK [2][-]{subsection.3.10.1}{\376\377\000B\000e\000s\000o\000i\000n\000s\000\040\000s\000p\000\351\000c\000i\000f\000i\000q\000u\000e\000s}{section.3.10}% 95
\BOOKMARK [2][-]{subsection.3.10.2}{\376\377\000A\000l\000t\000e\000r\000n\000a\000t\000i\000v\000e\000s\000\040\000\351\000v\000a\000l\000u\000\351\000e\000s}{section.3.10}% 96
\BOOKMARK [3][-]{subsubsection.3.10.2.1}{\376\377\000S\000y\000s\000t\000\350\000m\000e\000\040\000d\000e\000\040\000f\000i\000c\000h\000i\000e\000r\000s\000\040\000l\000o\000c\000a\000l}{subsection.3.10.2}% 97
\BOOKMARK [3][-]{subsubsection.3.10.2.2}{\376\377\000M\000i\000n\000I\000O\000\040\000\050\000s\000t\000o\000c\000k\000a\000g\000e\000\040\000o\000b\000j\000e\000t\000\040\000S\0003\000-\000c\000o\000m\000p\000a\000t\000i\000b\000l\000e\000\051}{subsection.3.10.2}% 98
\BOOKMARK [2][-]{subsection.3.10.3}{\376\377\000S\000y\000n\000t\000h\000\350\000s\000e\000\040\000c\000o\000m\000p\000a\000r\000a\000t\000i\000v\000e}{section.3.10}% 99
\BOOKMARK [2][-]{subsection.3.10.4}{\376\377\000D\000\351\000c\000i\000s\000i\000o\000n}{section.3.10}% 100
\BOOKMARK [1][-]{section.3.11}{\376\377\000C\000o\000u\000c\000h\000e\000\040\000d\000e\000\040\000r\000o\000u\000t\000a\000g\000e\000\040\000d\000e\000s\000\040\000r\000e\000q\000u\000\352\000t\000e\000s}{chapter.3}% 101
\BOOKMARK [2][-]{subsection.3.11.1}{\376\377\000B\000e\000s\000o\000i\000n\000s\000\040\000s\000p\000\351\000c\000i\000f\000i\000q\000u\000e\000s}{section.3.11}% 102
\BOOKMARK [2][-]{subsection.3.11.2}{\376\377\000A\000l\000t\000e\000r\000n\000a\000t\000i\000v\000e\000s\000\040\000\351\000v\000a\000l\000u\000\351\000e\000s}{section.3.11}% 103
\BOOKMARK [3][-]{subsubsection.3.11.2.1}{\376\377\000R\000e\000v\000e\000r\000s\000e\000\040\000p\000r\000o\000x\000y}{subsection.3.11.2}% 104
\BOOKMARK [3][-]{subsubsection.3.11.2.2}{\376\377\000A\000P\000I\000\040\000G\000a\000t\000e\000w\000a\000y}{subsection.3.11.2}% 105
\BOOKMARK [2][-]{subsection.3.11.3}{\376\377\000S\000y\000n\000t\000h\000\350\000s\000e\000\040\000c\000o\000m\000p\000a\000r\000a\000t\000i\000v\000e}{section.3.11}% 106
\BOOKMARK [2][-]{subsection.3.11.4}{\376\377\000D\000\351\000c\000i\000s\000i\000o\000n}{section.3.11}% 107
\BOOKMARK [2][-]{subsection.3.11.5}{\376\377\000C\000h\000o\000i\000x\000\040\000d\000e\000\040\000l\000'\000i\000m\000p\000l\000\351\000m\000e\000n\000t\000a\000t\000i\000o\000n\000\040\000:\000\040\000N\000g\000i\000n\000x\000\040\000v\000s\000\040\000T\000r\000a\000e\000f\000i\000k}{section.3.11}% 108
\BOOKMARK [3][-]{subsubsection.3.11.5.1}{\376\377\000B\000e\000s\000o\000i\000n\000s\000\040\000s\000p\000\351\000c\000i\000f\000i\000q\000u\000e\000s}{subsection.3.11.5}% 109
\BOOKMARK [3][-]{subsubsection.3.11.5.2}{\376\377\000A\000l\000t\000e\000r\000n\000a\000t\000i\000v\000e\000s\000\040\000\351\000v\000a\000l\000u\000\351\000e\000s}{subsection.3.11.5}% 110
\BOOKMARK [4][-]{paragraph.3.11.5.2.1}{\376\377\000N\000g\000i\000n\000x}{subsubsection.3.11.5.2}% 111
\BOOKMARK [4][-]{paragraph.3.11.5.2.2}{\376\377\000T\000r\000a\000e\000f\000i\000k}{subsubsection.3.11.5.2}% 112
\BOOKMARK [3][-]{subsubsection.3.11.5.3}{\376\377\000S\000y\000n\000t\000h\000\350\000s\000e\000\040\000c\000o\000m\000p\000a\000r\000a\000t\000i\000v\000e}{subsection.3.11.5}% 113
\BOOKMARK [3][-]{subsubsection.3.11.5.4}{\376\377\000D\000\351\000c\000i\000s\000i\000o\000n}{subsection.3.11.5}% 114
\BOOKMARK [1][-]{section.3.12}{\376\377\000S\000t\000r\000a\000t\000\351\000g\000i\000e\000\040\000d\000e\000\040\000p\000e\000r\000f\000o\000r\000m\000a\000n\000c\000e\000\040\000b\000a\000s\000e\000\040\000d\000e\000\040\000d\000o\000n\000n\000\351\000e\000s}{chapter.3}% 115
\BOOKMARK [2][-]{subsection.3.12.1}{\376\377\000C\000o\000n\000t\000e\000x\000t\000e\000\040\000e\000t\000\040\000e\000n\000j\000e\000u\000x}{section.3.12}% 116
\BOOKMARK [2][-]{subsection.3.12.2}{\376\377\000A\000l\000t\000e\000r\000n\000a\000t\000i\000v\000e\000s\000\040\000\351\000v\000a\000l\000u\000\351\000e\000s}{section.3.12}% 117
\BOOKMARK [3][-]{subsubsection.3.12.2.1}{\376\377\000P\000a\000r\000t\000i\000t\000i\000o\000n\000n\000e\000m\000e\000n\000t\000\040\000p\000a\000r\000\040\000a\000n\000n\000\351\000e}{subsection.3.12.2}% 118
\BOOKMARK [3][-]{subsubsection.3.12.2.2}{\376\377\000I\000n\000d\000e\000x\000a\000t\000i\000o\000n\000\040\000c\000i\000b\000l\000\351\000e}{subsection.3.12.2}% 119
\BOOKMARK [2][-]{subsection.3.12.3}{\376\377\000S\000y\000n\000t\000h\000\350\000s\000e\000\040\000c\000o\000m\000p\000a\000r\000a\000t\000i\000v\000e}{section.3.12}% 120
\BOOKMARK [2][-]{subsection.3.12.4}{\376\377\000D\000\351\000c\000i\000s\000i\000o\000n}{section.3.12}% 121
\BOOKMARK [1][-]{section.3.13}{\376\377\000C\000h\000o\000i\000x\000\040\000d\000e\000\040\000l\040\031\000a\000l\000g\000o\000r\000i\000t\000h\000m\000e\000\040\000d\040\031\000a\000f\000f\000e\000c\000t\000a\000t\000i\000o\000n}{chapter.3}% 122
\BOOKMARK [2][-]{subsection.3.13.1}{\376\377\000B\000e\000s\000o\000i\000n\000s\000\040\000s\000p\000\351\000c\000i\000f\000i\000q\000u\000e\000s}{section.3.13}% 123
\BOOKMARK [2][-]{subsection.3.13.2}{\376\377\000A\000l\000t\000e\000r\000n\000a\000t\000i\000v\000e\000s\000\040\000\351\000v\000a\000l\000u\000\351\000e\000s}{section.3.13}% 124
\BOOKMARK [3][-]{subsubsection.3.13.2.1}{\376\377\000A\000l\000g\000o\000r\000i\000t\000h\000m\000e\000\040\000g\000l\000o\000u\000t\000o\000n}{subsection.3.13.2}% 125
\BOOKMARK [3][-]{subsubsection.3.13.2.2}{\376\377\000G\000a\000l\000e\000-\000S\000h\000a\000p\000l\000e\000y}{subsection.3.13.2}% 126
\BOOKMARK [2][-]{subsection.3.13.3}{\376\377\000S\000y\000n\000t\000h\000\350\000s\000e\000\040\000c\000o\000m\000p\000a\000r\000a\000t\000i\000v\000e}{section.3.13}% 127
\BOOKMARK [2][-]{subsection.3.13.4}{\376\377\000D\000\351\000c\000i\000s\000i\000o\000n}{section.3.13}% 128
\BOOKMARK [1][-]{section.3.14}{\376\377\000C\000h\000o\000i\000x\000\040\000d\000u\000\040\000m\000o\000t\000e\000u\000r\000\040\000d\000e\000\040\000r\000e\000c\000o\000m\000m\000a\000n\000d\000a\000t\000i\000o\000n}{chapter.3}% 129
\BOOKMARK [2][-]{subsection.3.14.1}{\376\377\000B\000e\000s\000o\000i\000n\000s\000\040\000s\000p\000\351\000c\000i\000f\000i\000q\000u\000e\000s}{section.3.14}% 130
\BOOKMARK [2][-]{subsection.3.14.2}{\376\377\000A\000l\000t\000e\000r\000n\000a\000t\000i\000v\000e\000s\000\040\000\351\000v\000a\000l\000u\000\351\000e\000s}{section.3.14}% 131
\BOOKMARK [3][-]{subsubsection.3.14.2.1}{\376\377\000A\000p\000p\000r\000o\000c\000h\000e\000\040\000b\000a\000s\000\351\000e\000\040\000s\000u\000r\000\040\000d\000e\000s\000\040\000r\000\350\000g\000l\000e\000s\000\040\000\050\000r\000u\000l\000e\000-\000b\000a\000s\000e\000d\000\051}{subsection.3.14.2}% 132
\BOOKMARK [3][-]{subsubsection.3.14.2.2}{\376\377\000A\000p\000p\000r\000o\000c\000h\000e\000\040\000p\000a\000r\000\040\000s\000i\000m\000i\000l\000a\000r\000i\000t\000\351\000\040\000\050\000c\000o\000l\000l\000a\000b\000o\000r\000a\000t\000i\000v\000e\000\040\000f\000i\000l\000t\000e\000r\000i\000n\000g\000\051}{subsection.3.14.2}% 133
\BOOKMARK [3][-]{subsubsection.3.14.2.3}{\376\377\000A\000p\000p\000r\000o\000c\000h\000e\000\040\000p\000a\000r\000\040\000a\000p\000p\000r\000e\000n\000t\000i\000s\000s\000a\000g\000e\000\040\000s\000u\000p\000e\000r\000v\000i\000s\000\351}{subsection.3.14.2}% 134
\BOOKMARK [4][-]{paragraph.3.14.2.3.1}{\376\377\000R\000\351\000g\000r\000e\000s\000s\000i\000o\000n\000\040\000l\000o\000g\000i\000s\000t\000i\000q\000u\000e}{subsubsection.3.14.2.3}% 135
\BOOKMARK [4][-]{paragraph.3.14.2.3.2}{\376\377\000X\000G\000B\000o\000o\000s\000t}{subsubsection.3.14.2.3}% 136
\BOOKMARK [2][-]{subsection.3.14.3}{\376\377\000S\000y\000n\000t\000h\000\350\000s\000e\000\040\000c\000o\000m\000p\000a\000r\000a\000t\000i\000v\000e}{section.3.14}% 137
\BOOKMARK [2][-]{subsection.3.14.4}{\376\377\000D\000\351\000c\000i\000s\000i\000o\000n}{section.3.14}% 138
\BOOKMARK [1][-]{section.3.15}{\376\377\000C\000h\000o\000i\000x\000\040\000d\000e\000\040\000l\040\031\000o\000r\000c\000h\000e\000s\000t\000r\000a\000t\000i\000o\000n\000\040\000R\000A\000G}{chapter.3}% 139
\BOOKMARK [2][-]{subsection.3.15.1}{\376\377\000B\000e\000s\000o\000i\000n\000s\000\040\000s\000p\000\351\000c\000i\000f\000i\000q\000u\000e\000s}{section.3.15}% 140
\BOOKMARK [2][-]{subsection.3.15.2}{\376\377\000M\000o\000d\000\350\000l\000e\000\040\000d\000e\000\040\000l\000a\000n\000g\000a\000g\000e}{section.3.15}% 141
\BOOKMARK [2][-]{subsection.3.15.3}{\376\377\000A\000l\000t\000e\000r\000n\000a\000t\000i\000v\000e\000s\000\040\000\351\000v\000a\000l\000u\000\351\000e\000s}{section.3.15}% 142
\BOOKMARK [3][-]{subsubsection.3.15.3.1}{\376\377\000L\000a\000n\000g\000C\000h\000a\000i\000n}{subsection.3.15.3}% 143
\BOOKMARK [3][-]{subsubsection.3.15.3.2}{\376\377\000L\000l\000a\000m\000a\000I\000n\000d\000e\000x}{subsection.3.15.3}% 144
\BOOKMARK [3][-]{subsubsection.3.15.3.3}{\376\377\000H\000a\000y\000s\000t\000a\000c\000k}{subsection.3.15.3}% 145
\BOOKMARK [3][-]{subsubsection.3.15.3.4}{\376\377\000A\000p\000p\000r\000o\000c\000h\000e\000\040\000d\000i\000r\000e\000c\000t\000e\000\040\000\050\000s\000a\000n\000s\000\040\000f\000r\000a\000m\000e\000w\000o\000r\000k\000\051}{subsection.3.15.3}% 146
\BOOKMARK [2][-]{subsection.3.15.4}{\376\377\000S\000y\000n\000t\000h\000\350\000s\000e\000\040\000c\000o\000m\000p\000a\000r\000a\000t\000i\000v\000e}{section.3.15}% 147
\BOOKMARK [2][-]{subsection.3.15.5}{\376\377\000D\000\351\000c\000i\000s\000i\000o\000n}{section.3.15}% 148
\BOOKMARK [1][-]{section.3.16}{\376\377\000S\000y\000n\000t\000h\000\350\000s\000e\000\040\000d\000e\000s\000\040\000c\000h\000o\000i\000x\000\040\000t\000e\000c\000h\000n\000o\000l\000o\000g\000i\000q\000u\000e\000s}{chapter.3}% 149
\BOOKMARK [1][-]{section*.29}{\376\377\000C\000o\000n\000c\000l\000u\000s\000i\000o\000n}{chapter.3}% 150
\BOOKMARK [0][-]{chapter.4}{\376\377\000C\000o\000n\000c\000e\000p\000t\000i\000o\000n\000\040\000d\000u\000\040\000s\000y\000s\000t\000\350\000m\000e}{}% 151
\BOOKMARK [1][-]{section*.30}{\376\377\000I\000n\000t\000r\000o\000d\000u\000c\000t\000i\000o\000n}{chapter.4}% 152
\BOOKMARK [1][-]{section.4.1}{\376\377\000P\000r\000o\000d\000u\000c\000t\000\040\000B\000a\000c\000k\000l\000o\000g}{chapter.4}% 153
\BOOKMARK [2][-]{subsection.4.1.1}{\376\377\000P\000r\000i\000o\000r\000i\000t\000\351\000s\000\040\000M\000o\000S\000C\000o\000W}{section.4.1}% 154
\BOOKMARK [2][-]{subsection.4.1.2}{\376\377\000S\000t\000o\000r\000y\000\040\000p\000o\000i\000n\000t\000s}{section.4.1}% 155
\BOOKMARK [2][-]{subsection.4.1.3}{\376\377\000T\000a\000b\000l\000e\000a\000u\000\040\000d\000u\000\040\000P\000r\000o\000d\000u\000c\000t\000\040\000B\000a\000c\000k\000l\000o\000g}{section.4.1}% 156
\BOOKMARK [1][-]{section.4.2}{\376\377\000P\000l\000a\000n\000i\000f\000i\000c\000a\000t\000i\000o\000n\000\040\000d\000e\000s\000\040\000s\000p\000r\000i\000n\000t\000s}{chapter.4}% 157
\BOOKMARK [2][-]{subsection.4.2.1}{\376\377\000D\000i\000a\000g\000r\000a\000m\000m\000e\000\040\000d\000e\000\040\000G\000a\000n\000t\000t}{section.4.2}% 158
\BOOKMARK [1][-]{section.4.3}{\376\377\000A\000r\000c\000h\000i\000t\000e\000c\000t\000u\000r\000e\000\040\000l\000o\000g\000i\000c\000i\000e\000l\000l\000e}{chapter.4}% 159
\BOOKMARK [2][-]{subsection.4.3.1}{\376\377\000V\000u\000e\000\040\000d\000'\000e\000n\000s\000e\000m\000b\000l\000e}{section.4.3}% 160
\BOOKMARK [2][-]{subsection.4.3.2}{\376\377\000C\000o\000u\000c\000h\000e\000\040\000p\000r\000\351\000s\000e\000n\000t\000a\000t\000i\000o\000n\000\040\040\024\000\040\000N\000e\000x\000t\000.\000j\000s\000\040\0001\0004}{section.4.3}% 161
\BOOKMARK [2][-]{subsection.4.3.3}{\376\377\000C\000o\000u\000c\000h\000e\000\040\000a\000p\000p\000l\000i\000c\000a\000t\000i\000f\000\040\040\024\000\040\000D\000j\000a\000n\000g\000o\000\040\0005\000\040\000+\000\040\000D\000j\000a\000n\000g\000o\000\040\000N\000i\000n\000j\000a}{section.4.3}% 162
\BOOKMARK [2][-]{subsection.4.3.4}{\376\377\000C\000o\000u\000c\000h\000e\000\040\000t\000r\000a\000i\000t\000e\000m\000e\000n\000t\000\040\000a\000s\000y\000n\000c\000h\000r\000o\000n\000e\000\040\040\024\000\040\000D\000j\000a\000n\000g\000o\000-\000Q\0002}{section.4.3}% 163
\BOOKMARK [2][-]{subsection.4.3.5}{\376\377\000C\000o\000u\000c\000h\000e\000\040\000d\000o\000n\000n\000\351\000e\000s\000\040\040\024\000\040\000P\000o\000s\000t\000g\000r\000e\000S\000Q\000L\000\040\0001\0006}{section.4.3}% 164
\BOOKMARK [2][-]{subsection.4.3.6}{\376\377\000C\000o\000u\000c\000h\000e\000\040\000i\000n\000t\000\351\000g\000r\000a\000t\000i\000o\000n\000\040\040\024\000\040\000A\000d\000a\000p\000t\000a\000t\000e\000u\000r\000s\000\040\000E\000T\000L}{section.4.3}% 165
\BOOKMARK [3][-]{subsubsection.4.3.6.1}{\376\377\000S\000t\000r\000a\000t\000\351\000g\000i\000e\000\040\000d\000'\000u\000p\000s\000e\000r\000t}{subsection.4.3.6}% 166
\BOOKMARK [3][-]{subsubsection.4.3.6.2}{\376\377\000C\000l\000\351\000\040\000d\000e\000\040\000j\000o\000i\000n\000t\000u\000r\000e\000\040\000:\000\040\000l\000'\000I\000N\000E}{subsection.4.3.6}% 167
\BOOKMARK [3][-]{subsubsection.4.3.6.3}{\376\377\000S\000t\000r\000a\000t\000\351\000g\000i\000e\000\040\000d\000e\000\040\000s\000y\000n\000c\000h\000r\000o\000n\000i\000s\000a\000t\000i\000o\000n}{subsection.4.3.6}% 168
\BOOKMARK [2][-]{subsection.4.3.7}{\376\377\000S\000\351\000c\000u\000r\000i\000t\000\351\000\040\000e\000t\000\040\000c\000o\000n\000t\000r\000\364\000l\000e\000\040\000d\000'\000a\000c\000c\000\350\000s}{section.4.3}% 169
\BOOKMARK [3][-]{subsubsection.4.3.7.1}{\376\377\000F\000l\000u\000x\000\040\000d\000'\000a\000u\000t\000h\000e\000n\000t\000i\000f\000i\000c\000a\000t\000i\000o\000n\000\040\000O\000I\000D\000C}{subsection.4.3.7}% 170
\BOOKMARK [3][-]{subsubsection.4.3.7.2}{\376\377\000C\000o\000n\000t\000r\000\364\000l\000e\000\040\000d\000'\000a\000c\000c\000\350\000s\000\040\000\050\000R\000B\000A\000C\000\051}{subsection.4.3.7}% 171
\BOOKMARK [3][-]{subsubsection.4.3.7.3}{\376\377\000G\000e\000s\000t\000i\000o\000n\000\040\000d\000u\000\040\000r\000e\000n\000o\000u\000v\000e\000l\000l\000e\000m\000e\000n\000t\000\040\000d\000e\000s\000\040\000t\000o\000k\000e\000n\000s\000\040\000J\000W\000T}{subsection.4.3.7}% 172
\BOOKMARK [3][-]{subsubsection.4.3.7.4}{\376\377\000J\000o\000u\000r\000n\000a\000l\000\040\000d\000'\000a\000u\000d\000i\000t}{subsection.4.3.7}% 173
\BOOKMARK [3][-]{subsubsection.4.3.7.5}{\376\377\000P\000r\000o\000t\000e\000c\000t\000i\000o\000n\000\040\000d\000e\000s\000\040\000d\000o\000n\000n\000\351\000e\000s\000\040\000\050\000R\000G\000P\000D\000\051}{subsection.4.3.7}% 174
\BOOKMARK [1][-]{section.4.4}{\376\377\000A\000r\000c\000h\000i\000t\000e\000c\000t\000u\000r\000e\000\040\000p\000h\000y\000s\000i\000q\000u\000e\000\040\000e\000t\000\040\000d\000\351\000p\000l\000o\000i\000e\000m\000e\000n\000t}{chapter.4}% 175
\BOOKMARK [2][-]{subsection.4.4.1}{\376\377\000V\000u\000e\000\040\000d\000'\000e\000n\000s\000e\000m\000b\000l\000e}{section.4.4}% 176
\BOOKMARK [2][-]{subsection.4.4.2}{\376\377\000C\000o\000n\000t\000a\000i\000n\000e\000r\000s\000\040\000D\000o\000c\000k\000e\000r}{section.4.4}% 177
\BOOKMARK [2][-]{subsection.4.4.3}{\376\377\000F\000l\000u\000x\000\040\000r\000\351\000s\000e\000a\000u}{section.4.4}% 178
\BOOKMARK [2][-]{subsection.4.4.4}{\376\377\000E\000n\000v\000i\000r\000o\000n\000n\000e\000m\000e\000n\000t\000s}{section.4.4}% 179
\BOOKMARK [2][-]{subsection.4.4.5}{\376\377\000C\000I\000/\000C\000D}{section.4.4}% 180
\BOOKMARK [2][-]{subsection.4.4.6}{\376\377\000S\000t\000r\000a\000t\000\351\000g\000i\000e\000\040\000d\000e\000\040\000m\000i\000g\000r\000a\000t\000i\000o\000n\000\040\000d\000e\000\040\000s\000c\000h\000\351\000m\000a}{section.4.4}% 181
\BOOKMARK [2][-]{subsection.4.4.7}{\376\377\000S\000t\000r\000a\000t\000\351\000g\000i\000e\000\040\000d\000e\000\040\000r\000o\000l\000l\000b\000a\000c\000k}{section.4.4}% 182
\BOOKMARK [2][-]{subsection.4.4.8}{\376\377\000P\000o\000l\000i\000t\000i\000q\000u\000e\000\040\000d\000e\000\040\000s\000a\000u\000v\000e\000g\000a\000r\000d\000e}{section.4.4}% 183
\BOOKMARK [2][-]{subsection.4.4.9}{\376\377\000G\000e\000s\000t\000i\000o\000n\000\040\000d\000e\000s\000\040\000s\000e\000c\000r\000e\000t\000s}{section.4.4}% 184
\BOOKMARK [1][-]{section.4.5}{\376\377\000M\000o\000d\000\350\000l\000e\000\040\000d\000e\000\040\000d\000o\000n\000n\000\351\000e\000s}{chapter.4}% 185
\BOOKMARK [2][-]{subsection.4.5.1}{\376\377\000O\000r\000g\000a\000n\000i\000s\000a\000t\000i\000o\000n\000\040\000p\000a\000r\000\040\000p\000a\000c\000k\000a\000g\000e\000s}{section.4.5}% 186
\BOOKMARK [2][-]{subsection.4.5.2}{\376\377\000P\000r\000i\000n\000c\000i\000p\000e\000s\000\040\000s\000t\000r\000u\000c\000t\000u\000r\000a\000n\000t\000s}{section.4.5}% 187
\BOOKMARK [3][-]{subsubsection.4.5.2.1}{\376\377\000L\000'\000a\000n\000n\000\351\000e\000\040\000u\000n\000i\000v\000e\000r\000s\000i\000t\000a\000i\000r\000e\000\040\000c\000o\000m\000m\000e\000\040\000a\000x\000e\000\040\000t\000e\000m\000p\000o\000r\000e\000l\000.}{subsection.4.5.2}% 188
\BOOKMARK [3][-]{subsubsection.4.5.2.2}{\376\377\000L\000'\000I\000N\000E\000\040\000c\000o\000m\000m\000e\000\040\000c\000l\000\351\000\040\000d\000e\000\040\000j\000o\000i\000n\000t\000u\000r\000e\000\040\000u\000n\000i\000v\000e\000r\000s\000e\000l\000l\000e\000.}{subsection.4.5.2}% 189
\BOOKMARK [3][-]{subsubsection.4.5.2.3}{\376\377\000S\000\351\000p\000a\000r\000a\000t\000i\000o\000n\000\040\000q\000u\000o\000t\000a\000s\000\040\000I\000N\000P\000\040\000/\000\040\000q\000u\000o\000t\000a\000s\000\040\000N\0007\000.}{subsection.4.5.2}% 190
\BOOKMARK [1][-]{section.4.6}{\376\377\000M\000a\000c\000h\000i\000n\000e\000s\000\040\000\340\000\040\000\351\000t\000a\000t\000s\000\040\000f\000i\000n\000i\000s\000\040\000\050\000F\000S\000M\000\051}{chapter.4}% 191
\BOOKMARK [2][-]{subsection.4.6.1}{\376\377\000P\000r\000i\000n\000c\000i\000p\000e\000\040\000e\000t\000\040\000i\000m\000p\000l\000\351\000m\000e\000n\000t\000a\000t\000i\000o\000n}{section.4.6}% 192
\BOOKMARK [2][-]{subsection.4.6.2}{\376\377\000F\000S\000M\000\040\000d\000e\000\040\000l\000'\000a\000n\000n\000\351\000e\000\040\000u\000n\000i\000v\000e\000r\000s\000i\000t\000a\000i\000r\000e}{section.4.6}% 193
\BOOKMARK [2][-]{subsection.4.6.3}{\376\377\000F\000S\000M\000\040\000d\000e\000s\000\040\000e\000n\000t\000i\000t\000\351\000s\000\040\000m\000\351\000t\000i\000e\000r}{section.4.6}% 194
\BOOKMARK [1][-]{section.4.7}{\376\377\000F\000l\000u\000x\000\040\000d\000e\000\040\000d\000o\000n\000n\000\351\000e\000s\000\040\000:\000\040\000d\000e\000\040\000l\000a\000\040\000s\000o\000u\000r\000c\000e\000\040\000a\000u\000\040\000w\000o\000r\000k\000f\000l\000o\000w}{chapter.4}% 195
\BOOKMARK [2][-]{subsection.4.7.1}{\376\377\000D\000\351\000t\000a\000i\000l\000\040\000d\000e\000\040\000l\040\031\000\351\000t\000a\000p\000e\000\040\000d\000e\000\040\000n\000e\000t\000t\000o\000y\000a\000g\000e\000\040\000e\000t\000\040\000v\000a\000l\000i\000d\000a\000t\000i\000o\000n}{section.4.7}% 196
\BOOKMARK [3][-]{subsubsection.4.7.1.1}{\376\377\000D\000e\000s\000c\000r\000i\000p\000t\000i\000o\000n\000\040\000d\000u\000\040\000p\000r\000o\000c\000e\000s\000s\000u\000s\000\040\000d\000e\000\040\000t\000r\000a\000n\000s\000f\000o\000r\000m\000a\000t\000i\000o\000n}{subsection.4.7.1}% 197
\BOOKMARK [4][-]{paragraph.4.7.1.1.1}{\376\377\000G\000e\000s\000t\000i\000o\000n\000\040\000d\000e\000s\000\040\000s\000o\000u\000r\000c\000e\000s\000\040\000m\000u\000l\000t\000i\000p\000l\000e\000s}{subsubsection.4.7.1.1}% 198
\BOOKMARK [4][-]{paragraph.4.7.1.1.2}{\376\377\000S\000t\000a\000n\000d\000a\000r\000d\000i\000s\000a\000t\000i\000o\000n\000\040\000d\000e\000s\000\040\000f\000o\000r\000m\000a\000t\000s}{subsubsection.4.7.1.1}% 199
\BOOKMARK [4][-]{paragraph.4.7.1.1.3}{\376\377\000N\000o\000r\000m\000a\000l\000i\000s\000a\000t\000i\000o\000n\000\040\000s\000\351\000m\000a\000n\000t\000i\000q\000u\000e}{subsubsection.4.7.1.1}% 200
\BOOKMARK [4][-]{paragraph.4.7.1.1.4}{\376\377\000G\000e\000s\000t\000i\000o\000n\000\040\000d\000e\000s\000\040\000v\000a\000l\000e\000u\000r\000s\000\040\000m\000a\000n\000q\000u\000a\000n\000t\000e\000s}{subsubsection.4.7.1.1}% 201
\BOOKMARK [4][-]{paragraph.4.7.1.1.5}{\376\377\000D\000\351\000t\000e\000c\000t\000i\000o\000n\000\040\000e\000t\000\040\000g\000e\000s\000t\000i\000o\000n\000\040\000d\000e\000s\000\040\000d\000o\000u\000b\000l\000o\000n\000s}{subsubsection.4.7.1.1}% 202
\BOOKMARK [4][-]{paragraph.4.7.1.1.6}{\376\377\000V\000a\000l\000i\000d\000a\000t\000i\000o\000n\000\040\000m\000\351\000t\000i\000e\000r}{subsubsection.4.7.1.1}% 203
\BOOKMARK [4][-]{paragraph.4.7.1.1.7}{\376\377\000T\000r\000a\000\347\000a\000b\000i\000l\000i\000t\000\351\000\040\000e\000t\000\040\000g\000e\000s\000t\000i\000o\000n\000\040\000d\000e\000s\000\040\000e\000r\000r\000e\000u\000r\000s}{subsubsection.4.7.1.1}% 204
\BOOKMARK [3][-]{subsubsection.4.7.1.2}{\376\377\000A\000r\000c\000h\000i\000t\000e\000c\000t\000u\000r\000e\000\040\000d\000u\000\040\000p\000i\000p\000e\000l\000i\000n\000e\000\040\000d\000e\000\040\000n\000e\000t\000t\000o\000y\000a\000g\000e}{subsection.4.7.1}% 205
\BOOKMARK [3][-]{subsubsection.4.7.1.3}{\376\377\000T\000e\000c\000h\000n\000o\000l\000o\000g\000i\000e\000s\000\040\000e\000t\000\040\000o\000u\000t\000i\000l\000s\000\040\000u\000t\000i\000l\000i\000s\000\351\000s}{subsection.4.7.1}% 206
\BOOKMARK [1][-]{section.4.8}{\376\377\000G\000e\000s\000t\000i\000o\000n\000\040\000d\000e\000s\000\040\000r\000i\000s\000q\000u\000e\000s}{chapter.4}% 207
\BOOKMARK [1][-]{section*.42}{\376\377\000C\000o\000n\000c\000l\000u\000s\000i\000o\000n}{chapter.4}% 208
\BOOKMARK [0][-]{chapter.5}{\376\377\000R\000\351\000a\000l\000i\000s\000a\000t\000i\000o\000n}{}% 209
\BOOKMARK [1][-]{section*.43}{\376\377\000I\000n\000t\000r\000o\000d\000u\000c\000t\000i\000o\000n}{chapter.5}% 210
\BOOKMARK [1][-]{section.5.1}{\376\377\000S\000p\000r\000i\000n\000t\000\040\0001\000\040\040\024\000\040\000S\000o\000c\000l\000e\000\040\000t\000e\000c\000h\000n\000i\000q\000u\000e\000\040\000e\000t\000\040\000r\000\351\000f\000\351\000r\000e\000n\000t\000i\000e\000l\000s}{chapter.5}% 211
\BOOKMARK [2][-]{subsection.5.1.1}{\376\377\000O\000b\000j\000e\000c\000t\000i\000f\000\040\000d\000u\000\040\000s\000p\000r\000i\000n\000t}{section.5.1}% 212
\BOOKMARK [2][-]{subsection.5.1.2}{\376\377\000S\000p\000r\000i\000n\000t\000\040\000B\000a\000c\000k\000l\000o\000g\000\040\040\024\000\040\000S\000p\000r\000i\000n\000t\000\040\0001}{section.5.1}% 213
\BOOKMARK [2][-]{subsection.5.1.3}{\376\377\000C\000o\000n\000c\000e\000p\000t\000i\000o\000n\000\040\000d\000\351\000t\000a\000i\000l\000l\000\351\000e}{section.5.1}% 214
\BOOKMARK [3][-]{subsubsection.5.1.3.1}{\376\377\000D\000i\000a\000g\000r\000a\000m\000m\000e\000\040\000d\000e\000\040\000c\000l\000a\000s\000s\000e\000s}{subsection.5.1.3}% 215
\BOOKMARK [2][-]{subsection.5.1.4}{\376\377\000I\000m\000p\000l\000\351\000m\000e\000n\000t\000a\000t\000i\000o\000n}{section.5.1}% 216
\BOOKMARK [2][-]{subsection.5.1.5}{\376\377\000T\000e\000s\000t\000s}{section.5.1}% 217
\BOOKMARK [1][-]{section.5.2}{\376\377\000S\000p\000r\000i\000n\000t\000\040\0002\000\040\040\024\000\040\000D\000o\000n\000n\000\351\000e\000s\000\040\000e\000t\000\040\000t\000r\000a\000\347\000a\000b\000i\000l\000i\000t\000\351}{chapter.5}% 218
\BOOKMARK [2][-]{subsection.5.2.1}{\376\377\000O\000b\000j\000e\000c\000t\000i\000f\000\040\000d\000u\000\040\000s\000p\000r\000i\000n\000t}{section.5.2}% 219
\BOOKMARK [2][-]{subsection.5.2.2}{\376\377\000S\000p\000r\000i\000n\000t\000\040\000B\000a\000c\000k\000l\000o\000g\000\040\040\024\000\040\000S\000p\000r\000i\000n\000t\000\040\0002}{section.5.2}% 220
\BOOKMARK [2][-]{subsection.5.2.3}{\376\377\000C\000o\000n\000c\000e\000p\000t\000i\000o\000n\000\040\000d\000\351\000t\000a\000i\000l\000l\000\351\000e}{section.5.2}% 221
\BOOKMARK [3][-]{subsubsection.5.2.3.1}{\376\377\000D\000i\000a\000g\000r\000a\000m\000m\000e\000\040\000d\000e\000\040\000c\000l\000a\000s\000s\000e\000s}{subsection.5.2.3}% 222
\BOOKMARK [2][-]{subsection.5.2.4}{\376\377\000I\000m\000p\000l\000\351\000m\000e\000n\000t\000a\000t\000i\000o\000n}{section.5.2}% 223
\BOOKMARK [2][-]{subsection.5.2.5}{\376\377\000T\000e\000s\000t\000s}{section.5.2}% 224
\BOOKMARK [0][-]{chapter*.46}{\376\377\000C\000o\000n\000c\000l\000u\000s\000i\000o\000n\000\040\000g\000\351\000n\000\351\000r\000a\000l\000e}{}% 225
\BOOKMARK [0][-]{chapter*.47}{\376\377\000B\000i\000b\000l\000i\000o\000g\000r\000a\000p\000h\000i\000e}{}% 226
